Archive member included to satisfy reference by file (symbol)

/usr/lib/gcc/arm-none-eabi/7.3.1/thumb/v6-m/libgcc.a(_dvmd_tls.o)
                              CMakeFiles/C-SDK_HTTPS_GET_through_ESP01.dir/home/pi/pico/pico-sdk/src/rp2_common/pico_divider/divider.S.obj (__aeabi_idiv0)
/usr/lib/gcc/arm-none-eabi/7.3.1/../../../arm-none-eabi/lib/thumb/v6-m/libc.a(lib_a-atexit.o)
                              /usr/lib/gcc/arm-none-eabi/7.3.1/../../../arm-none-eabi/lib/thumb/v6-m/crt0.o (atexit)
/usr/lib/gcc/arm-none-eabi/7.3.1/../../../arm-none-eabi/lib/thumb/v6-m/libc.a(lib_a-calloc.o)
                              CMakeFiles/C-SDK_HTTPS_GET_through_ESP01.dir/home/pi/pico/pico-sdk/src/rp2_common/pico_malloc/pico_malloc.c.obj (calloc)
/usr/lib/gcc/arm-none-eabi/7.3.1/../../../arm-none-eabi/lib/thumb/v6-m/libc.a(lib_a-callocr.o)
                              /usr/lib/gcc/arm-none-eabi/7.3.1/../../../arm-none-eabi/lib/thumb/v6-m/libc.a(lib_a-calloc.o) (_calloc_r)
/usr/lib/gcc/arm-none-eabi/7.3.1/../../../arm-none-eabi/lib/thumb/v6-m/libc.a(lib_a-fflush.o)
                              CMakeFiles/C-SDK_HTTPS_GET_through_ESP01.dir/C-SDK_HTTPS_GET_through_ESP01.c.obj (fflush)
/usr/lib/gcc/arm-none-eabi/7.3.1/../../../arm-none-eabi/lib/thumb/v6-m/libc.a(lib_a-findfp.o)
                              /usr/lib/gcc/arm-none-eabi/7.3.1/../../../arm-none-eabi/lib/thumb/v6-m/libc.a(lib_a-fflush.o) (__sinit)
/usr/lib/gcc/arm-none-eabi/7.3.1/../../../arm-none-eabi/lib/thumb/v6-m/libc.a(lib_a-fini.o)
                              /usr/lib/gcc/arm-none-eabi/7.3.1/../../../arm-none-eabi/lib/thumb/v6-m/crt0.o (__libc_fini_array)
/usr/lib/gcc/arm-none-eabi/7.3.1/../../../arm-none-eabi/lib/thumb/v6-m/libc.a(lib_a-freer.o)
                              /usr/lib/gcc/arm-none-eabi/7.3.1/../../../arm-none-eabi/lib/thumb/v6-m/libc.a(lib_a-fflush.o) (_free_r)
/usr/lib/gcc/arm-none-eabi/7.3.1/../../../arm-none-eabi/lib/thumb/v6-m/libc.a(lib_a-fwalk.o)
                              /usr/lib/gcc/arm-none-eabi/7.3.1/../../../arm-none-eabi/lib/thumb/v6-m/libc.a(lib_a-findfp.o) (_fwalk)
/usr/lib/gcc/arm-none-eabi/7.3.1/../../../arm-none-eabi/lib/thumb/v6-m/libc.a(lib_a-fwrite.o)
                              CMakeFiles/C-SDK_HTTPS_GET_through_ESP01.dir/C-SDK_HTTPS_GET_through_ESP01.c.obj (fwrite)
/usr/lib/gcc/arm-none-eabi/7.3.1/../../../arm-none-eabi/lib/thumb/v6-m/libc.a(lib_a-impure.o)
                              /usr/lib/gcc/arm-none-eabi/7.3.1/../../../arm-none-eabi/lib/thumb/v6-m/libc.a(lib_a-fflush.o) (_global_impure_ptr)
/usr/lib/gcc/arm-none-eabi/7.3.1/../../../arm-none-eabi/lib/thumb/v6-m/libc.a(lib_a-init.o)
                              /usr/lib/gcc/arm-none-eabi/7.3.1/../../../arm-none-eabi/lib/thumb/v6-m/crt0.o (__libc_init_array)
/usr/lib/gcc/arm-none-eabi/7.3.1/../../../arm-none-eabi/lib/thumb/v6-m/libc.a(lib_a-malloc.o)
                              CMakeFiles/C-SDK_HTTPS_GET_through_ESP01.dir/home/pi/pico/pico-sdk/src/rp2_common/pico_malloc/pico_malloc.c.obj (malloc)
/usr/lib/gcc/arm-none-eabi/7.3.1/../../../arm-none-eabi/lib/thumb/v6-m/libc.a(lib_a-mallocr.o)
                              /usr/lib/gcc/arm-none-eabi/7.3.1/../../../arm-none-eabi/lib/thumb/v6-m/libc.a(lib_a-callocr.o) (_malloc_r)
/usr/lib/gcc/arm-none-eabi/7.3.1/../../../arm-none-eabi/lib/thumb/v6-m/libc.a(lib_a-mlock.o)
                              /usr/lib/gcc/arm-none-eabi/7.3.1/../../../arm-none-eabi/lib/thumb/v6-m/libc.a(lib_a-freer.o) (__malloc_lock)
/usr/lib/gcc/arm-none-eabi/7.3.1/../../../arm-none-eabi/lib/thumb/v6-m/libc.a(lib_a-sbrkr.o)
                              /usr/lib/gcc/arm-none-eabi/7.3.1/../../../arm-none-eabi/lib/thumb/v6-m/libc.a(lib_a-freer.o) (_sbrk_r)
/usr/lib/gcc/arm-none-eabi/7.3.1/../../../arm-none-eabi/lib/thumb/v6-m/libc.a(lib_a-stdio.o)
                              /usr/lib/gcc/arm-none-eabi/7.3.1/../../../arm-none-eabi/lib/thumb/v6-m/libc.a(lib_a-findfp.o) (__sread)
/usr/lib/gcc/arm-none-eabi/7.3.1/../../../arm-none-eabi/lib/thumb/v6-m/libc.a(lib_a-strlen-stub.o)
                              CMakeFiles/C-SDK_HTTPS_GET_through_ESP01.dir/home/pi/pico/pico-sdk/src/rp2_common/pico_stdio/stdio.c.obj (strlen)
/usr/lib/gcc/arm-none-eabi/7.3.1/../../../arm-none-eabi/lib/thumb/v6-m/libc.a(lib_a-writer.o)
                              /usr/lib/gcc/arm-none-eabi/7.3.1/../../../arm-none-eabi/lib/thumb/v6-m/libc.a(lib_a-stdio.o) (_write_r)
/usr/lib/gcc/arm-none-eabi/7.3.1/../../../arm-none-eabi/lib/thumb/v6-m/libc.a(lib_a-__atexit.o)
                              /usr/lib/gcc/arm-none-eabi/7.3.1/../../../arm-none-eabi/lib/thumb/v6-m/libc.a(lib_a-atexit.o) (__register_exitproc)
/usr/lib/gcc/arm-none-eabi/7.3.1/../../../arm-none-eabi/lib/thumb/v6-m/libc.a(lib_a-closer.o)
                              /usr/lib/gcc/arm-none-eabi/7.3.1/../../../arm-none-eabi/lib/thumb/v6-m/libc.a(lib_a-stdio.o) (_close_r)
/usr/lib/gcc/arm-none-eabi/7.3.1/../../../arm-none-eabi/lib/thumb/v6-m/libc.a(lib_a-fclose.o)
[...]
Memory Configuration

Name             Origin             Length             Attributes
FLASH            0x10000000         0x00200000         xr
RAM              0x20000000         0x00040000         xrw
SCRATCH_X        0x20040000         0x00001000         xrw
SCRATCH_Y        0x20041000         0x00001000         xrw
*default*        0x00000000         0xffffffff

Linker script and memory map

LOAD /usr/lib/gcc/arm-none-eabi/7.3.1/thumb/v6-m/crti.o
LOAD /usr/lib/gcc/arm-none-eabi/7.3.1/thumb/v6-m/crtbegin.o
LOAD /usr/lib/gcc/arm-none-eabi/7.3.1/../../../arm-none-eabi/lib/thumb/v6-m/crt0.o

.flash_begin    0x10000000        0x0
                0x10000000                __flash_binary_start = .

.boot2          0x10000000      0x100
                0x10000000                __boot2_start__ = .
 *(.boot2)
 .boot2         0x10000000      0x100 /tmp/ccCGmWUl.o
                0x10000100                __boot2_end__ = .
                0x00000001                ASSERT (((__boot2_end__ - __boot2_start__) == 0x100), ERROR: Pico second stage bootloader must be 256 bytes in size)

.text           0x10000100     0x6200
                0x10000100                __reset_start = .
 *(.reset)
 .reset         0x10000100       0xc4 CMakeFiles/C-SDK_HTTPS_GET_through_ESP01.dir/home/pi/pico/pico-sdk/src/rp2_common/pico_standard_link/crt0.S.obj
                0x10000104                _entry_point
                0x10000196                __get_current_exception
 .reset         0x100001c4       0x30 CMakeFiles/C-SDK_HTTPS_GET_through_ESP01.dir/home/pi/pico/pico-sdk/src/rp2_common/pico_standard_link/binary_info.c.obj
                0x10000200                . = ALIGN (0x100)
 *fill*         0x100001f4        0xc 
                0x10000200                __reset_end = .
                0x00000001                ASSERT (((__reset_end - __reset_start) == 0x100), ERROR: reset section should only be 256 bytes)
 *(.vectors)
 .vectors       0x10000200       0xd4 CMakeFiles/C-SDK_HTTPS_GET_through_ESP01.dir/home/pi/pico/pico-sdk/src/rp2_common/pico_standard_link/crt0.S.obj
                0x10000200                __vectors
                0x100002c0                isr_invalid
                0x100002c2                isr_nmi
                0x100002c4                isr_hardfault
                0x100002c6                isr_svcall
                0x100002c8                isr_pendsv
                0x100002ca                isr_systick
                0x100002cc                isr_irq30
                0x100002cc                __unhandled_user_irq
                0x100002cc                isr_irq13
                0x100002cc                isr_irq27
                0x100002cc                isr_irq31
                0x100002cc                isr_irq5
                0x100002cc                isr_irq11
                0x100002cc                isr_irq23
                0x100002cc                isr_irq18
                0x100002cc                isr_irq28
                0x100002cc                isr_irq19
                0x100002cc                isr_irq0
                0x100002cc                isr_irq6
                0x100002cc                isr_irq22
                0x100002cc                isr_irq17
                0x100002cc                isr_irq14
                0x100002cc                isr_irq2
                0x100002cc                isr_irq10
                0x100002cc                isr_irq8
                0x100002cc                isr_irq24
                0x100002cc                isr_irq1
                0x100002cc                isr_irq7
                0x100002cc                isr_irq21
                0x100002cc                isr_irq20
                0x100002cc                isr_irq15
                0x100002cc                isr_irq25
                0x100002cc                isr_irq4
                0x100002cc                isr_irq16
                0x100002cc                isr_irq29
                0x100002cc                isr_irq26
                0x100002cc                isr_irq3
                0x100002cc                isr_irq12
                0x100002cc                isr_irq9
                0x100002d2                unhandled_user_irq_num_in_r0
 *(.init)
 .init          0x100002d4        0x4 /usr/lib/gcc/arm-none-eabi/7.3.1/thumb/v6-m/crti.o
                0x100002d4                _init
 *(EXCLUDE_FILE(*libm.a: *libc.a:*lib_a-mem*.o *libgcc.a:) .text*)
 .text          0x100002d8       0x98 /usr/lib/gcc/arm-none-eabi/7.3.1/thumb/v6-m/crtbegin.o
 .text.https_get.constprop.0
                0x10000370       0xc8 CMakeFiles/C-SDK_HTTPS_GET_through_ESP01.dir/C-SDK_HTTPS_GET_through_ESP01.c.obj
 .text.https_get.constprop.1
                0x10000438       0xc8 CMakeFiles/C-SDK_HTTPS_GET_through_ESP01.dir/C-SDK_HTTPS_GET_through_ESP01.c.obj
 .text.startup.main
                0x10000500       0x2c CMakeFiles/C-SDK_HTTPS_GET_through_ESP01.dir/C-SDK_HTTPS_GET_through_ESP01.c.obj
                0x10000500                main
 .text.gpio_set_function
                0x1000052c       0x30 CMakeFiles/C-SDK_HTTPS_GET_through_ESP01.dir/home/pi/pico/pico-sdk/src/rp2_common/hardware_gpio/gpio.c.obj
                0x1000052c                gpio_set_function
 .text.hw_claim_or_assert
                0x1000055c       0x44 CMakeFiles/C-SDK_HTTPS_GET_through_ESP01.dir/home/pi/pico/pico-sdk/src/rp2_common/hardware_claim/claim.c.obj
                0x1000055c                hw_claim_or_assert
 .text.hw_claim_unused_from_range
                0x100005a0       0x9c CMakeFiles/C-SDK_HTTPS_GET_through_ESP01.dir/home/pi/pico/pico-sdk/src/rp2_common/hardware_claim/claim.c.obj
                0x100005a0                hw_claim_unused_from_range
 .text.spin_locks_reset
                0x1000063c       0x1c CMakeFiles/C-SDK_HTTPS_GET_through_ESP01.dir/home/pi/pico/pico-sdk/src/rp2_common/hardware_sync/sync.c.obj
                0x1000063c                spin_locks_reset
 .text.next_striped_spin_lock_num
                0x10000658       0x18 CMakeFiles/C-SDK_HTTPS_GET_through_ESP01.dir/home/pi/pico/pico-sdk/src/rp2_common/hardware_sync/sync.c.obj
                0x10000658                next_striped_spin_lock_num
 .text.spin_lock_claim_unused
                0x10000670       0x20 CMakeFiles/C-SDK_HTTPS_GET_through_ESP01.dir/home/pi/pico/pico-sdk/src/rp2_common/hardware_sync/sync.c.obj
                0x10000670                spin_lock_claim_unused
 .text.running_on_fpga
                0x10000690       0x10 CMakeFiles/C-SDK_HTTPS_GET_through_ESP01.dir/home/pi/pico/pico-sdk/src/rp2_common/pico_platform/platform.c.obj
                0x10000690                running_on_fpga
 .text.uart_init
                0x100006a0       0xdc CMakeFiles/C-SDK_HTTPS_GET_through_ESP01.dir/home/pi/pico/pico-sdk/src/rp2_common/hardware_uart/uart.c.obj
                0x100006a0                uart_init
 .text.uart_is_readable_within_us
                0x1000077c       0x24 CMakeFiles/C-SDK_HTTPS_GET_through_ESP01.dir/home/pi/pico/pico-sdk/src/rp2_common/hardware_uart/uart.c.obj
                0x1000077c                uart_is_readable_within_us
 .text.timer_pool_entry_comparator
                0x100007a0       0x34 CMakeFiles/C-SDK_HTTPS_GET_through_ESP01.dir/home/pi/pico/pico-sdk/src/common/pico_time/time.c.obj
                0x100007a0                timer_pool_entry_comparator
 .text.sev_callback
                0x100007d4        0x8 CMakeFiles/C-SDK_HTTPS_GET_through_ESP01.dir/home/pi/pico/pico-sdk/src/common/pico_time/time.c.obj
 .text.add_alarm_under_lock
                0x100007dc      0x11c CMakeFiles/C-SDK_HTTPS_GET_through_ESP01.dir/home/pi/pico/pico-sdk/src/common/pico_time/time.c.obj
 .text.alarm_pool_alarm_callback
                0x100008f8      0x204 CMakeFiles/C-SDK_HTTPS_GET_through_ESP01.dir/home/pi/pico/pico-sdk/src/common/pico_time/time.c.obj
 .text.alarm_pool_init_default
                0x10000afc       0x78 CMakeFiles/C-SDK_HTTPS_GET_through_ESP01.dir/home/pi/pico/pico-sdk/src/common/pico_time/time.c.obj
                0x10000afc                alarm_pool_init_default
 .text.alarm_pool_get_default
                0x10000b74        0xc CMakeFiles/C-SDK_HTTPS_GET_through_ESP01.dir/home/pi/pico/pico-sdk/src/common/pico_time/time.c.obj
                0x10000b74                alarm_pool_get_default
 .text.alarm_pool_add_alarm_at
                0x10000b80      0x1a4 CMakeFiles/C-SDK_HTTPS_GET_through_ESP01.dir/home/pi/pico/pico-sdk/src/common/pico_time/time.c.obj
                0x10000b80                alarm_pool_add_alarm_at
 .text.best_effort_wfe_or_timeout
                0x10000d24      0x1d4 CMakeFiles/C-SDK_HTTPS_GET_through_ESP01.dir/home/pi/pico/pico-sdk/src/common/pico_time/time.c.obj
                0x10000d24                best_effort_wfe_or_timeout
 .text.hardware_alarm_irq_handler
                0x10000ef8       0xb0 CMakeFiles/C-SDK_HTTPS_GET_through_ESP01.dir/home/pi/pico/pico-sdk/src/rp2_common/hardware_timer/timer.c.obj
 .text.hardware_alarm_claim
                0x10000fa8       0x18 CMakeFiles/C-SDK_HTTPS_GET_through_ESP01.dir/home/pi/pico/pico-sdk/src/rp2_common/hardware_timer/timer.c.obj
                0x10000fa8                hardware_alarm_claim
 .text.time_us_64
                0x10000fc0       0x18 CMakeFiles/C-SDK_HTTPS_GET_through_ESP01.dir/home/pi/pico/pico-sdk/src/rp2_common/hardware_timer/timer.c.obj
                0x10000fc0                time_us_64
 .text.hardware_alarm_set_callback
                0x10000fd8       0x8c CMakeFiles/C-SDK_HTTPS_GET_through_ESP01.dir/home/pi/pico/pico-sdk/src/rp2_common/hardware_timer/timer.c.obj
                0x10000fd8                hardware_alarm_set_callback
 .text.hardware_alarm_set_target
                0x10001064       0xb4 CMakeFiles/C-SDK_HTTPS_GET_through_ESP01.dir/home/pi/pico/pico-sdk/src/rp2_common/hardware_timer/timer.c.obj
                0x10001064                hardware_alarm_set_target
 .text.hardware_alarm_cancel
                0x10001118       0x40 CMakeFiles/C-SDK_HTTPS_GET_through_ESP01.dir/home/pi/pico/pico-sdk/src/rp2_common/hardware_timer/timer.c.obj
                0x10001118                hardware_alarm_cancel
 .text.lock_init
                0x10001158       0x10 CMakeFiles/C-SDK_HTTPS_GET_through_ESP01.dir/home/pi/pico/pico-sdk/src/common/pico_sync/lock_core.c.obj
                0x10001158                lock_init
 .text.mutex_init
                0x10001168       0x18 CMakeFiles/C-SDK_HTTPS_GET_through_ESP01.dir/home/pi/pico/pico-sdk/src/common/pico_sync/mutex.c.obj
                0x10001168                mutex_init
 .text.critical_section_init
                0x10001180       0x18 CMakeFiles/C-SDK_HTTPS_GET_through_ESP01.dir/home/pi/pico/pico-sdk/src/common/pico_sync/critical_section.c.obj
                0x10001180                critical_section_init
 .text.ph_merge_two_pass.part.3
                0x10001198       0xcc CMakeFiles/C-SDK_HTTPS_GET_through_ESP01.dir/home/pi/pico/pico-sdk/src/common/pico_util/pheap.c.obj
 .text.ph_create
                0x10001264       0x60 CMakeFiles/C-SDK_HTTPS_GET_through_ESP01.dir/home/pi/pico/pico-sdk/src/common/pico_util/pheap.c.obj
                0x10001264                ph_create
 .text.ph_remove_head_reserve
                0x100012c4      0x158 CMakeFiles/C-SDK_HTTPS_GET_through_ESP01.dir/home/pi/pico/pico-sdk/src/common/pico_util/pheap.c.obj
                0x100012c4                ph_remove_head_reserve
 .text.ph_delete
                0x1000141c      0x340 CMakeFiles/C-SDK_HTTPS_GET_through_ESP01.dir/home/pi/pico/pico-sdk/src/common/pico_util/pheap.c.obj
                0x1000141c                ph_delete
 .text.runtime_init
                0x1000175c       0xec CMakeFiles/C-SDK_HTTPS_GET_through_ESP01.dir/home/pi/pico/pico-sdk/src/rp2_common/pico_runtime/runtime.c.obj
                0x1000175c                runtime_init
 .text._sbrk    0x10001848       0x34 CMakeFiles/C-SDK_HTTPS_GET_through_ESP01.dir/home/pi/pico/pico-sdk/src/rp2_common/pico_runtime/runtime.c.obj
                0x10001848                _sbrk
 .text.exit     0x1000187c        0x4 CMakeFiles/C-SDK_HTTPS_GET_through_ESP01.dir/home/pi/pico/pico-sdk/src/rp2_common/pico_runtime/runtime.c.obj
                0x1000187c                exit
 .text.panic    0x10001880       0x30 CMakeFiles/C-SDK_HTTPS_GET_through_ESP01.dir/home/pi/pico/pico-sdk/src/rp2_common/pico_runtime/runtime.c.obj
                0x10001880                panic
 .text.hard_assertion_failure
                0x100018b0        0xc CMakeFiles/C-SDK_HTTPS_GET_through_ESP01.dir/home/pi/pico/pico-sdk/src/rp2_common/pico_runtime/runtime.c.obj
                0x100018b0                hard_assertion_failure
 .text.clocks_init
                0x100018bc      0x2ec CMakeFiles/C-SDK_HTTPS_GET_through_ESP01.dir/home/pi/pico/pico-sdk/src/rp2_common/hardware_clocks/clocks.c.obj
                0x100018bc                clocks_init
 .text.clock_get_hz
                0x10001ba8        0xc CMakeFiles/C-SDK_HTTPS_GET_through_ESP01.dir/home/pi/pico/pico-sdk/src/rp2_common/hardware_clocks/clocks.c.obj
                0x10001ba8                clock_get_hz
 .text.watchdog_start_tick
                0x10001bb4       0x10 CMakeFiles/C-SDK_HTTPS_GET_through_ESP01.dir/home/pi/pico/pico-sdk/src/rp2_common/hardware_watchdog/watchdog.c.obj
                0x10001bb4                watchdog_start_tick
 .text.xosc_init
                0x10001bc4       0x28 CMakeFiles/C-SDK_HTTPS_GET_through_ESP01.dir/home/pi/pico/pico-sdk/src/rp2_common/hardware_xosc/xosc.c.obj
                0x10001bc4                xosc_init
 .text.pll_init
                0x10001bec       0x54 CMakeFiles/C-SDK_HTTPS_GET_through_ESP01.dir/home/pi/pico/pico-sdk/src/rp2_common/hardware_pll/pll.c.obj
                0x10001bec                pll_init
 .text.irq_set_enabled
                0x10001c40       0x24 CMakeFiles/C-SDK_HTTPS_GET_through_ESP01.dir/home/pi/pico/pico-sdk/src/rp2_common/hardware_irq/irq.c.obj
                0x10001c40                irq_set_enabled
 .text.irq_set_pending
                0x10001c64       0x10 CMakeFiles/C-SDK_HTTPS_GET_through_ESP01.dir/home/pi/pico/pico-sdk/src/rp2_common/hardware_irq/irq.c.obj
                0x10001c64                irq_set_pending
 .text.irq_get_vtable_handler
                0x10001c74       0x10 CMakeFiles/C-SDK_HTTPS_GET_through_ESP01.dir/home/pi/pico/pico-sdk/src/rp2_common/hardware_irq/irq.c.obj
                0x10001c74                irq_get_vtable_handler
 .text.irq_set_exclusive_handler
                0x10001c84       0x54 CMakeFiles/C-SDK_HTTPS_GET_through_ESP01.dir/home/pi/pico/pico-sdk/src/rp2_common/hardware_irq/irq.c.obj
                0x10001c84                irq_set_exclusive_handler
 .text.irq_remove_handler
                0x10001cd8      0x1c8 CMakeFiles/C-SDK_HTTPS_GET_through_ESP01.dir/home/pi/pico/pico-sdk/src/rp2_common/hardware_irq/irq.c.obj
                0x10001cd8                irq_remove_handler
 .text.irq_add_tail_to_free_list
                0x10001ea0       0xbc CMakeFiles/C-SDK_HTTPS_GET_through_ESP01.dir/home/pi/pico/pico-sdk/src/rp2_common/hardware_irq/irq.c.obj
                0x10001ea0                irq_add_tail_to_free_list
 .text.irq_init_priorities
                0x10001f5c       0x38 CMakeFiles/C-SDK_HTTPS_GET_through_ESP01.dir/home/pi/pico/pico-sdk/src/rp2_common/hardware_irq/irq.c.obj
                0x10001f5c                irq_init_priorities
 .text._out_char
                0x10001f94        0xc CMakeFiles/C-SDK_HTTPS_GET_through_ESP01.dir/home/pi/pico/pico-sdk/src/rp2_common/pico_printf/printf.c.obj
 .text.weak_raw_vprintf
                0x10001fa0       0x30 CMakeFiles/C-SDK_HTTPS_GET_through_ESP01.dir/home/pi/pico/pico-sdk/src/rp2_common/pico_printf/printf.c.obj
                0x10001fa0                weak_raw_vprintf
 .text          0x10001fd0       0x10 CMakeFiles/C-SDK_HTTPS_GET_through_ESP01.dir/home/pi/pico/pico-sdk/src/rp2_common/pico_bit_ops/bit_ops_aeabi.S.obj
 .text.rom_func_lookup
                0x10001fe0       0x10 CMakeFiles/C-SDK_HTTPS_GET_through_ESP01.dir/home/pi/pico/pico-sdk/src/rp2_common/pico_bootrom/bootrom.c.obj
                0x10001fe0                rom_func_lookup
 .text.rom_data_lookup
                0x10001ff0       0x10 CMakeFiles/C-SDK_HTTPS_GET_through_ESP01.dir/home/pi/pico/pico-sdk/src/rp2_common/pico_bootrom/bootrom.c.obj
                0x10001ff0                rom_data_lookup
 .text.rom_funcs_lookup
                0x10002000       0x3c CMakeFiles/C-SDK_HTTPS_GET_through_ESP01.dir/home/pi/pico/pico-sdk/src/rp2_common/pico_bootrom/bootrom.c.obj
                0x10002000                rom_funcs_lookup
 .text.__wrap___aeabi_idiv
                0x1000203c       0x58 CMakeFiles/C-SDK_HTTPS_GET_through_ESP01.dir/home/pi/pico/pico-sdk/src/rp2_common/pico_divider/divider.S.obj
                0x1000203c                __wrap___aeabi_idivmod
                0x1000203c                divmod_s32s32
                0x1000203c                div_s32s32
                0x1000203c                __wrap___aeabi_idiv
                0x10002044                divmod_s32s32_unsafe
                0x10002070                divmod_s32s32_savestate
 .text.__wrap___aeabi_uidiv
                0x10002094       0x54 CMakeFiles/C-SDK_HTTPS_GET_through_ESP01.dir/home/pi/pico/pico-sdk/src/rp2_common/pico_divider/divider.S.obj
                0x10002094                __wrap___aeabi_uidiv
                0x10002094                __wrap___aeabi_uidivmod
                0x10002094                div_u32u32
                0x10002094                divmod_u32u32
                0x1000209c                divmod_u32u32_unsafe
                0x100020c4                divmod_u32u32_savestate
 .text.__aeabi_double_init
                0x100020e8       0x4c CMakeFiles/C-SDK_HTTPS_GET_through_ESP01.dir/home/pi/pico/pico-sdk/src/rp2_common/pico_double/double_init_rom.c.obj
                0x100020e8                __aeabi_double_init
 .text.double_table_shim_on_use_helper
                0x10002134       0x2c CMakeFiles/C-SDK_HTTPS_GET_through_ESP01.dir/home/pi/pico/pico-sdk/src/rp2_common/pico_double/double_v1_rom_shim.S.obj
                0x10002134                double_table_shim_on_use_helper
 .text.__aeabi_lmul
                0x10002160       0x32 CMakeFiles/C-SDK_HTTPS_GET_through_ESP01.dir/home/pi/pico/pico-sdk/src/rp2_common/pico_int64_ops/pico_int64_ops_aeabi.S.obj
                0x10002160                __wrap___aeabi_lmul
 *fill*         0x10002192        0x2 
 .text.__aeabi_float_init
                0x10002194       0x68 CMakeFiles/C-SDK_HTTPS_GET_through_ESP01.dir/home/pi/pico/pico-sdk/src/rp2_common/pico_float/float_init_rom.c.obj
                0x10002194                __aeabi_float_init
 .text.float_table_shim_on_use_helper
                0x100021fc       0x2c CMakeFiles/C-SDK_HTTPS_GET_through_ESP01.dir/home/pi/pico/pico-sdk/src/rp2_common/pico_float/float_v1_rom_shim.S.obj
                0x100021fc                float_table_shim_on_use_helper
 .text.__wrap_malloc
                0x10002228        0x8 CMakeFiles/C-SDK_HTTPS_GET_through_ESP01.dir/home/pi/pico/pico-sdk/src/rp2_common/pico_malloc/pico_malloc.c.obj
                0x10002228                __wrap_malloc
 .text.__wrap_calloc
                0x10002230        0x8 CMakeFiles/C-SDK_HTTPS_GET_through_ESP01.dir/home/pi/pico/pico-sdk/src/rp2_common/pico_malloc/pico_malloc.c.obj
                0x10002230                __wrap_calloc
 .text          0x10002238       0x10 CMakeFiles/C-SDK_HTTPS_GET_through_ESP01.dir/home/pi/pico/pico-sdk/src/rp2_common/pico_mem_ops/mem_ops_aeabi.S.obj
                0x10002238                __aeabi_mem_init
 .text.memset   0x10002248        0xc CMakeFiles/C-SDK_HTTPS_GET_through_ESP01.dir/home/pi/pico/pico-sdk/src/rp2_common/pico_mem_ops/mem_ops_aeabi.S.obj
                0x10002248                __wrap_memset
 .text.memcpy   0x10002254        0xc CMakeFiles/C-SDK_HTTPS_GET_through_ESP01.dir/home/pi/pico/pico-sdk/src/rp2_common/pico_mem_ops/mem_ops_aeabi.S.obj
                0x10002254                __wrap___aeabi_memcpy
                0x10002254                __wrap_memcpy
 .text.stdio_out_chars_crlf.part.0
                0x10002260       0x8c CMakeFiles/C-SDK_HTTPS_GET_through_ESP01.dir/home/pi/pico/pico-sdk/src/rp2_common/pico_stdio/stdio.c.obj
 .text.__wrap_putchar
                0x100022ec       0xac CMakeFiles/C-SDK_HTTPS_GET_through_ESP01.dir/home/pi/pico/pico-sdk/src/rp2_common/pico_stdio/stdio.c.obj
                0x100022ec                __wrap_putchar
 .text.__wrap_puts
                0x10002398      0x120 CMakeFiles/C-SDK_HTTPS_GET_through_ESP01.dir/home/pi/pico/pico-sdk/src/rp2_common/pico_stdio/stdio.c.obj
                0x10002398                __wrap_puts
 .text._read    0x100024b8       0x90 CMakeFiles/C-SDK_HTTPS_GET_through_ESP01.dir/home/pi/pico/pico-sdk/src/rp2_common/pico_stdio/stdio.c.obj
                0x100024b8                _read
 .text._write   0x10002548       0xb8 CMakeFiles/C-SDK_HTTPS_GET_through_ESP01.dir/home/pi/pico/pico-sdk/src/rp2_common/pico_stdio/stdio.c.obj
                0x10002548                _write
 .text.stdio_set_driver_enabled
                0x10002600       0x3c CMakeFiles/C-SDK_HTTPS_GET_through_ESP01.dir/home/pi/pico/pico-sdk/src/rp2_common/pico_stdio/stdio.c.obj
                0x10002600                stdio_set_driver_enabled
 .text.stdio_init_all
                0x1000263c        0xc CMakeFiles/C-SDK_HTTPS_GET_through_ESP01.dir/home/pi/pico/pico-sdk/src/rp2_common/pico_stdio/stdio.c.obj
                0x1000263c                stdio_init_all
 .text.stdio_filter_driver
                0x10002648        0xc CMakeFiles/C-SDK_HTTPS_GET_through_ESP01.dir/home/pi/pico/pico-sdk/src/rp2_common/pico_stdio/stdio.c.obj
                0x10002648                stdio_filter_driver
 .text.stdio_uart_out_chars
                0x10002654       0x3c CMakeFiles/C-SDK_HTTPS_GET_through_ESP01.dir/home/pi/pico/pico-sdk/src/rp2_common/pico_stdio_uart/stdio_uart.c.obj
 .text.stdio_uart_in_chars
                0x10002690       0x3c CMakeFiles/C-SDK_HTTPS_GET_through_ESP01.dir/home/pi/pico/pico-sdk/src/rp2_common/pico_stdio_uart/stdio_uart.c.obj
                0x10002690                stdio_uart_in_chars
 .text.stdio_uart_init
                0x100026cc       0x40 CMakeFiles/C-SDK_HTTPS_GET_through_ESP01.dir/home/pi/pico/pico-sdk/src/rp2_common/pico_stdio_uart/stdio_uart.c.obj
                0x100026cc                stdio_uart_init
 .text.stdio_usb_in_chars
                0x1000270c       0x68 CMakeFiles/C-SDK_HTTPS_GET_through_ESP01.dir/home/pi/pico/pico-sdk/src/rp2_common/pico_stdio_usb/stdio_usb.c.obj
                0x1000270c                stdio_usb_in_chars
 .text.timer_task
                0x10002774       0x10 CMakeFiles/C-SDK_HTTPS_GET_through_ESP01.dir/home/pi/pico/pico-sdk/src/rp2_common/pico_stdio_usb/stdio_usb.c.obj
 .text.low_priority_worker_irq
                0x10002784       0x20 CMakeFiles/C-SDK_HTTPS_GET_through_ESP01.dir/home/pi/pico/pico-sdk/src/rp2_common/pico_stdio_usb/stdio_usb.c.obj
 .text.stdio_usb_out_chars
                0x100027a4       0xf0 CMakeFiles/C-SDK_HTTPS_GET_through_ESP01.dir/home/pi/pico/pico-sdk/src/rp2_common/pico_stdio_usb/stdio_usb.c.obj
 .text.stdio_usb_init
                0x10002894       0x8c CMakeFiles/C-SDK_HTTPS_GET_through_ESP01.dir/home/pi/pico/pico-sdk/src/rp2_common/pico_stdio_usb/stdio_usb.c.obj
                0x10002894                stdio_usb_init
 .text.tud_descriptor_device_cb
                0x10002920        0x8 CMakeFiles/C-SDK_HTTPS_GET_through_ESP01.dir/home/pi/pico/pico-sdk/src/rp2_common/pico_stdio_usb/stdio_usb_descriptors.c.obj
                0x10002920                tud_descriptor_device_cb
 .text.tud_descriptor_configuration_cb
                0x10002928        0x8 CMakeFiles/C-SDK_HTTPS_GET_through_ESP01.dir/home/pi/pico/pico-sdk/src/rp2_common/pico_stdio_usb/stdio_usb_descriptors.c.obj
                0x10002928                tud_descriptor_configuration_cb
 .text.tud_descriptor_string_cb
                0x10002930       0x58 CMakeFiles/C-SDK_HTTPS_GET_through_ESP01.dir/home/pi/pico/pico-sdk/src/rp2_common/pico_stdio_usb/stdio_usb_descriptors.c.obj
                0x10002930                tud_descriptor_string_cb
 .text.dcd_rp2040_irq
                0x10002988      0x134 CMakeFiles/C-SDK_HTTPS_GET_through_ESP01.dir/home/pi/pico/pico-sdk/lib/tinyusb/src/portable/raspberrypi/rp2040/dcd_rp2040.c.obj
 .text.dcd_int_enable
                0x10002abc        0xc CMakeFiles/C-SDK_HTTPS_GET_through_ESP01.dir/home/pi/pico/pico-sdk/lib/tinyusb/src/portable/raspberrypi/rp2040/dcd_rp2040.c.obj
                0x10002abc                dcd_int_enable
 .text.dcd_set_address
                0x10002ac8       0x30 CMakeFiles/C-SDK_HTTPS_GET_through_ESP01.dir/home/pi/pico/pico-sdk/lib/tinyusb/src/portable/raspberrypi/rp2040/dcd_rp2040.c.obj
                0x10002ac8                dcd_set_address
 .text.dcd_connect
                0x10002af8       0x10 CMakeFiles/C-SDK_HTTPS_GET_through_ESP01.dir/home/pi/pico/pico-sdk/lib/tinyusb/src/portable/raspberrypi/rp2040/dcd_rp2040.c.obj
                0x10002af8                dcd_connect
 .text.dcd_init
                0x10002b08       0xa8 CMakeFiles/C-SDK_HTTPS_GET_through_ESP01.dir/home/pi/pico/pico-sdk/lib/tinyusb/src/portable/raspberrypi/rp2040/dcd_rp2040.c.obj
                0x10002b08                dcd_init
 .text.dcd_edpt0_status_complete
                0x10002bb0       0x38 CMakeFiles/C-SDK_HTTPS_GET_through_ESP01.dir/home/pi/pico/pico-sdk/lib/tinyusb/src/portable/raspberrypi/rp2040/dcd_rp2040.c.obj
                0x10002bb0                dcd_edpt0_status_complete
 .text.dcd_edpt_open
                0x10002be8      0x150 CMakeFiles/C-SDK_HTTPS_GET_through_ESP01.dir/home/pi/pico/pico-sdk/lib/tinyusb/src/portable/raspberrypi/rp2040/dcd_rp2040.c.obj
                0x10002be8                dcd_edpt_open
 .text.dcd_edpt_xfer
                0x10002d38       0x2c CMakeFiles/C-SDK_HTTPS_GET_through_ESP01.dir/home/pi/pico/pico-sdk/lib/tinyusb/src/portable/raspberrypi/rp2040/dcd_rp2040.c.obj
                0x10002d38                dcd_edpt_xfer
 .text.dcd_edpt_stall
                0x10002d64       0x50 CMakeFiles/C-SDK_HTTPS_GET_through_ESP01.dir/home/pi/pico/pico-sdk/lib/tinyusb/src/portable/raspberrypi/rp2040/dcd_rp2040.c.obj
                0x10002d64                dcd_edpt_stall
 .text.dcd_edpt_clear_stall
                0x10002db4       0x50 CMakeFiles/C-SDK_HTTPS_GET_through_ESP01.dir/home/pi/pico/pico-sdk/lib/tinyusb/src/portable/raspberrypi/rp2040/dcd_rp2040.c.obj
                0x10002db4                dcd_edpt_clear_stall
 .text.rp2040_usb_init
                0x10002e04       0x50 CMakeFiles/C-SDK_HTTPS_GET_through_ESP01.dir/home/pi/pico/pico-sdk/lib/tinyusb/src/portable/raspberrypi/rp2040/rp2040_usb.c.obj
                0x10002e04                rp2040_usb_init
 .text.hw_endpoint_reset_transfer
                0x10002e54       0x14 CMakeFiles/C-SDK_HTTPS_GET_through_ESP01.dir/home/pi/pico/pico-sdk/lib/tinyusb/src/portable/raspberrypi/rp2040/rp2040_usb.c.obj
                0x10002e54                hw_endpoint_reset_transfer
 .text._hw_endpoint_buffer_control_update32
                0x10002e68       0x54 CMakeFiles/C-SDK_HTTPS_GET_through_ESP01.dir/home/pi/pico/pico-sdk/lib/tinyusb/src/portable/raspberrypi/rp2040/rp2040_usb.c.obj
                0x10002e68                _hw_endpoint_buffer_control_update32
 .text._hw_endpoint_start_next_buffer
                0x10002ebc       0x88 CMakeFiles/C-SDK_HTTPS_GET_through_ESP01.dir/home/pi/pico/pico-sdk/lib/tinyusb/src/portable/raspberrypi/rp2040/rp2040_usb.c.obj
                0x10002ebc                _hw_endpoint_start_next_buffer
 .text._hw_endpoint_xfer_continue
                0x10002f44      0x108 CMakeFiles/C-SDK_HTTPS_GET_through_ESP01.dir/home/pi/pico/pico-sdk/lib/tinyusb/src/portable/raspberrypi/rp2040/rp2040_usb.c.obj
                0x10002f44                _hw_endpoint_xfer_continue
 .text._hw_endpoint_xfer
                0x1000304c      0x140 CMakeFiles/C-SDK_HTTPS_GET_through_ESP01.dir/home/pi/pico/pico-sdk/lib/tinyusb/src/portable/raspberrypi/rp2040/rp2040_usb.c.obj
                0x1000304c                _hw_endpoint_xfer
 .text.tud_mounted
                0x1000318c       0x10 CMakeFiles/C-SDK_HTTPS_GET_through_ESP01.dir/home/pi/pico/pico-sdk/lib/tinyusb/src/device/usbd.c.obj
                0x1000318c                tud_mounted
 .text.tud_suspended
                0x1000319c       0x10 CMakeFiles/C-SDK_HTTPS_GET_through_ESP01.dir/home/pi/pico/pico-sdk/lib/tinyusb/src/device/usbd.c.obj
                0x1000319c                tud_suspended
 .text.tud_init
                0x100031ac       0xb8 CMakeFiles/C-SDK_HTTPS_GET_through_ESP01.dir/home/pi/pico/pico-sdk/lib/tinyusb/src/device/usbd.c.obj
                0x100031ac                tud_init
 .text.tud_task
                0x10003264      0x810 CMakeFiles/C-SDK_HTTPS_GET_through_ESP01.dir/home/pi/pico/pico-sdk/lib/tinyusb/src/device/usbd.c.obj
                0x10003264                tud_task
 .text.dcd_event_bus_signal
                0x10003a74       0xe4 CMakeFiles/C-SDK_HTTPS_GET_through_ESP01.dir/home/pi/pico/pico-sdk/lib/tinyusb/src/device/usbd.c.obj
                0x10003a74                dcd_event_bus_signal
 .text.dcd_event_setup_received
                0x10003b58       0x50 CMakeFiles/C-SDK_HTTPS_GET_through_ESP01.dir/home/pi/pico/pico-sdk/lib/tinyusb/src/device/usbd.c.obj
                0x10003b58                dcd_event_setup_received
 .text.dcd_event_xfer_complete
                0x10003ba8       0x68 CMakeFiles/C-SDK_HTTPS_GET_through_ESP01.dir/home/pi/pico/pico-sdk/lib/tinyusb/src/device/usbd.c.obj
                0x10003ba8                dcd_event_xfer_complete
 .text.usbd_open_edpt_pair
                0x10003c10       0x70 CMakeFiles/C-SDK_HTTPS_GET_through_ESP01.dir/home/pi/pico/pico-sdk/lib/tinyusb/src/device/usbd.c.obj
                0x10003c10                usbd_open_edpt_pair
 .text.usbd_edpt_open
                0x10003c80        0x8 CMakeFiles/C-SDK_HTTPS_GET_through_ESP01.dir/home/pi/pico/pico-sdk/lib/tinyusb/src/device/usbd.c.obj
                0x10003c80                usbd_edpt_open
 .text.usbd_edpt_claim
                0x10003c88       0x5c CMakeFiles/C-SDK_HTTPS_GET_through_ESP01.dir/home/pi/pico/pico-sdk/lib/tinyusb/src/device/usbd.c.obj
                0x10003c88                usbd_edpt_claim
 .text.usbd_edpt_release
                0x10003ce4       0x4c CMakeFiles/C-SDK_HTTPS_GET_through_ESP01.dir/home/pi/pico/pico-sdk/lib/tinyusb/src/device/usbd.c.obj
                0x10003ce4                usbd_edpt_release
 .text.usbd_edpt_xfer
                0x10003d30       0x48 CMakeFiles/C-SDK_HTTPS_GET_through_ESP01.dir/home/pi/pico/pico-sdk/lib/tinyusb/src/device/usbd.c.obj
                0x10003d30                usbd_edpt_xfer
 .text.tud_control_status
                0x10003d78       0x30 CMakeFiles/C-SDK_HTTPS_GET_through_ESP01.dir/home/pi/pico/pico-sdk/lib/tinyusb/src/device/usbd_control.c.obj
                0x10003d78                tud_control_status
 .text.tud_control_xfer
                0x10003da8       0xb4 CMakeFiles/C-SDK_HTTPS_GET_through_ESP01.dir/home/pi/pico/pico-sdk/lib/tinyusb/src/device/usbd_control.c.obj
                0x10003da8                tud_control_xfer
 .text.usbd_control_reset
                0x10003e5c       0x14 CMakeFiles/C-SDK_HTTPS_GET_through_ESP01.dir/home/pi/pico/pico-sdk/lib/tinyusb/src/device/usbd_control.c.obj
                0x10003e5c                usbd_control_reset
 .text.usbd_control_set_complete_callback
                0x10003e70        0xc CMakeFiles/C-SDK_HTTPS_GET_through_ESP01.dir/home/pi/pico/pico-sdk/lib/tinyusb/src/device/usbd_control.c.obj
                0x10003e70                usbd_control_set_complete_callback
 .text.usbd_control_set_request
                0x10003e7c       0x1c CMakeFiles/C-SDK_HTTPS_GET_through_ESP01.dir/home/pi/pico/pico-sdk/lib/tinyusb/src/device/usbd_control.c.obj
                0x10003e7c                usbd_control_set_request
 .text.usbd_control_xfer_cb
                0x10003e98       0xec CMakeFiles/C-SDK_HTTPS_GET_through_ESP01.dir/home/pi/pico/pico-sdk/lib/tinyusb/src/device/usbd_control.c.obj
                0x10003e98                usbd_control_xfer_cb
 .text.tud_cdc_n_connected
                0x10003f84       0x34 CMakeFiles/C-SDK_HTTPS_GET_through_ESP01.dir/home/pi/pico/pico-sdk/lib/tinyusb/src/class/cdc/cdc_device.c.obj
                0x10003f84                tud_cdc_n_connected
 .text.tud_cdc_n_available
                0x10003fb8       0x20 CMakeFiles/C-SDK_HTTPS_GET_through_ESP01.dir/home/pi/pico/pico-sdk/lib/tinyusb/src/class/cdc/cdc_device.c.obj
                0x10003fb8                tud_cdc_n_available
 .text.tud_cdc_n_read
                0x10003fd8       0x74 CMakeFiles/C-SDK_HTTPS_GET_through_ESP01.dir/home/pi/pico/pico-sdk/lib/tinyusb/src/class/cdc/cdc_device.c.obj
                0x10003fd8                tud_cdc_n_read
 .text.tud_cdc_n_write
                0x1000404c       0x9c CMakeFiles/C-SDK_HTTPS_GET_through_ESP01.dir/home/pi/pico/pico-sdk/lib/tinyusb/src/class/cdc/cdc_device.c.obj
                0x1000404c                tud_cdc_n_write
 .text.tud_cdc_n_write_flush
                0x100040e8       0x80 CMakeFiles/C-SDK_HTTPS_GET_through_ESP01.dir/home/pi/pico/pico-sdk/lib/tinyusb/src/class/cdc/cdc_device.c.obj
                0x100040e8                tud_cdc_n_write_flush
 .text.tud_cdc_n_write_available
                0x10004168       0x20 CMakeFiles/C-SDK_HTTPS_GET_through_ESP01.dir/home/pi/pico/pico-sdk/lib/tinyusb/src/class/cdc/cdc_device.c.obj
                0x10004168                tud_cdc_n_write_available
 .text.cdcd_init
                0x10004188       0x78 CMakeFiles/C-SDK_HTTPS_GET_through_ESP01.dir/home/pi/pico/pico-sdk/lib/tinyusb/src/class/cdc/cdc_device.c.obj
                0x10004188                cdcd_init
 .text.cdcd_reset
                0x10004200       0x24 CMakeFiles/C-SDK_HTTPS_GET_through_ESP01.dir/home/pi/pico/pico-sdk/lib/tinyusb/src/class/cdc/cdc_device.c.obj
                0x10004200                cdcd_reset
 .text.cdcd_open
                0x10004224       0xec CMakeFiles/C-SDK_HTTPS_GET_through_ESP01.dir/home/pi/pico/pico-sdk/lib/tinyusb/src/class/cdc/cdc_device.c.obj
                0x10004224                cdcd_open
 .text.cdcd_control_complete
                0x10004310       0x44 CMakeFiles/C-SDK_HTTPS_GET_through_ESP01.dir/home/pi/pico/pico-sdk/lib/tinyusb/src/class/cdc/cdc_device.c.obj
                0x10004310                cdcd_control_complete
 .text.cdcd_control_request
                0x10004354       0x70 CMakeFiles/C-SDK_HTTPS_GET_through_ESP01.dir/home/pi/pico/pico-sdk/lib/tinyusb/src/class/cdc/cdc_device.c.obj
                0x10004354                cdcd_control_request
 .text.cdcd_xfer_cb
                0x100043c4      0x1bc CMakeFiles/C-SDK_HTTPS_GET_through_ESP01.dir/home/pi/pico/pico-sdk/lib/tinyusb/src/class/cdc/cdc_device.c.obj
                0x100043c4                cdcd_xfer_cb
 .text.tusb_init
                0x10004580       0x20 CMakeFiles/C-SDK_HTTPS_GET_through_ESP01.dir/home/pi/pico/pico-sdk/lib/tinyusb/src/tusb.c.obj
                0x10004580                tusb_init
 .text.tusb_inited
                0x100045a0        0xc CMakeFiles/C-SDK_HTTPS_GET_through_ESP01.dir/home/pi/pico/pico-sdk/lib/tinyusb/src/tusb.c.obj
                0x100045a0                tusb_inited
 .text.tu_fifo_config
                0x100045ac       0x7c CMakeFiles/C-SDK_HTTPS_GET_through_ESP01.dir/home/pi/pico/pico-sdk/lib/tinyusb/src/common/tusb_fifo.c.obj
                0x100045ac                tu_fifo_config
 .text.tu_fifo_count
                0x10004628       0x1c CMakeFiles/C-SDK_HTTPS_GET_through_ESP01.dir/home/pi/pico/pico-sdk/lib/tinyusb/src/common/tusb_fifo.c.obj
                0x10004628                tu_fifo_count
 .text.tu_fifo_remaining
                0x10004644       0x20 CMakeFiles/C-SDK_HTTPS_GET_through_ESP01.dir/home/pi/pico/pico-sdk/lib/tinyusb/src/common/tusb_fifo.c.obj
                0x10004644                tu_fifo_remaining
 .text.tu_fifo_read
                0x10004664       0xac CMakeFiles/C-SDK_HTTPS_GET_through_ESP01.dir/home/pi/pico/pico-sdk/lib/tinyusb/src/common/tusb_fifo.c.obj
                0x10004664                tu_fifo_read
 .text.tu_fifo_read_n
                0x10004710       0xf8 CMakeFiles/C-SDK_HTTPS_GET_through_ESP01.dir/home/pi/pico/pico-sdk/lib/tinyusb/src/common/tusb_fifo.c.obj
                0x10004710                tu_fifo_read_n
 .text.tu_fifo_write
                0x10004808       0x88 CMakeFiles/C-SDK_HTTPS_GET_through_ESP01.dir/home/pi/pico/pico-sdk/lib/tinyusb/src/common/tusb_fifo.c.obj
                0x10004808                tu_fifo_write
 .text.tu_fifo_write_n
                0x10004890       0xfc CMakeFiles/C-SDK_HTTPS_GET_through_ESP01.dir/home/pi/pico/pico-sdk/lib/tinyusb/src/common/tusb_fifo.c.obj
                0x10004890                tu_fifo_write_n
 .text.tu_fifo_clear
                0x1000498c       0x2c CMakeFiles/C-SDK_HTTPS_GET_through_ESP01.dir/home/pi/pico/pico-sdk/lib/tinyusb/src/common/tusb_fifo.c.obj
                0x1000498c                tu_fifo_clear
 .text          0x100049b8       0x18 /usr/lib/gcc/arm-none-eabi/7.3.1/../../../arm-none-eabi/lib/thumb/v6-m/libc.a(lib_a-calloc.o)
                0x100049b8                calloc
 .text          0x100049d0       0x58 /usr/lib/gcc/arm-none-eabi/7.3.1/../../../arm-none-eabi/lib/thumb/v6-m/libc.a(lib_a-callocr.o)
                0x100049d0                _calloc_r
 .text          0x10004a28      0x1a4 /usr/lib/gcc/arm-none-eabi/7.3.1/../../../arm-none-eabi/lib/thumb/v6-m/libc.a(lib_a-fflush.o)
                0x10004a28                __sflush_r
                0x10004b78                _fflush_r
                0x10004ba4                fflush
 .text          0x10004bcc      0x224 /usr/lib/gcc/arm-none-eabi/7.3.1/../../../arm-none-eabi/lib/thumb/v6-m/libc.a(lib_a-findfp.o)
                0x10004bd0                _cleanup_r
                0x10004ccc                __sfmoreglue
                0x10004cfc                __sfp
                0x10004d88                _cleanup
                0x10004da0                __sinit
                0x10004db0                __sfp_lock_acquire
                0x10004db4                __sfp_lock_release
                0x10004db8                __sinit_lock_acquire
                0x10004dbc                __sinit_lock_release
                0x10004dc0                __fp_lock_all
                0x10004dd8                __fp_unlock_all
 .text          0x10004df0      0x274 /usr/lib/gcc/arm-none-eabi/7.3.1/../../../arm-none-eabi/lib/thumb/v6-m/libc.a(lib_a-freer.o)
                0x10004df0                _malloc_trim_r
                0x10004e90                _free_r
 .text          0x10005064       0x90 /usr/lib/gcc/arm-none-eabi/7.3.1/../../../arm-none-eabi/lib/thumb/v6-m/libc.a(lib_a-fwalk.o)
                0x10005064                _fwalk
                0x100050a8                _fwalk_reent
 .text          0x100050f4       0x90 /usr/lib/gcc/arm-none-eabi/7.3.1/../../../arm-none-eabi/lib/thumb/v6-m/libc.a(lib_a-fwrite.o)
                0x100050f4                _fwrite_r
                0x10005164                fwrite
 .text          0x10005184       0x28 /usr/lib/gcc/arm-none-eabi/7.3.1/../../../arm-none-eabi/lib/thumb/v6-m/libc.a(lib_a-malloc.o)
                0x10005184                malloc
                0x10005198                free
 .text          0x100051ac      0x570 /usr/lib/gcc/arm-none-eabi/7.3.1/../../../arm-none-eabi/lib/thumb/v6-m/libc.a(lib_a-mallocr.o)
                0x100051ac                _malloc_r
 .text          0x1000571c        0x8 /usr/lib/gcc/arm-none-eabi/7.3.1/../../../arm-none-eabi/lib/thumb/v6-m/libc.a(lib_a-mlock.o)
                0x1000571c                __malloc_lock
                0x10005720                __malloc_unlock
 .text          0x10005724       0x24 /usr/lib/gcc/arm-none-eabi/7.3.1/../../../arm-none-eabi/lib/thumb/v6-m/libc.a(lib_a-sbrkr.o)
                0x10005724                _sbrk_r
 .text          0x10005748       0xa0 /usr/lib/gcc/arm-none-eabi/7.3.1/../../../arm-none-eabi/lib/thumb/v6-m/libc.a(lib_a-stdio.o)
                0x10005748                __sread
                0x10005770                __seofread
                0x10005774                __swrite
                0x100057b0                __sseek
                0x100057dc                __sclose
 .text          0x100057e8       0x64 /usr/lib/gcc/arm-none-eabi/7.3.1/../../../arm-none-eabi/lib/thumb/v6-m/libc.a(lib_a-strlen-stub.o)
                0x100057e8                strlen
 .text          0x1000584c       0x28 /usr/lib/gcc/arm-none-eabi/7.3.1/../../../arm-none-eabi/lib/thumb/v6-m/libc.a(lib_a-writer.o)
                0x1000584c                _write_r
 .text          0x10005874       0x24 /usr/lib/gcc/arm-none-eabi/7.3.1/../../../arm-none-eabi/lib/thumb/v6-m/libc.a(lib_a-closer.o)
                0x10005874                _close_r
 .text          0x10005898       0xa8 /usr/lib/gcc/arm-none-eabi/7.3.1/../../../arm-none-eabi/lib/thumb/v6-m/libc.a(lib_a-fclose.o)
                0x10005898                _fclose_r
                0x1000592c                fclose
 .text          0x10005940      0x2fc /usr/lib/gcc/arm-none-eabi/7.3.1/../../../arm-none-eabi/lib/thumb/v6-m/libc.a(lib_a-fvwrite.o)
                0x10005940                __sfvwrite_r
 .text          0x10005c3c       0x28 /usr/lib/gcc/arm-none-eabi/7.3.1/../../../arm-none-eabi/lib/thumb/v6-m/libc.a(lib_a-lseekr.o)
                0x10005c3c                _lseek_r
 .text          0x10005c64       0x28 /usr/lib/gcc/arm-none-eabi/7.3.1/../../../arm-none-eabi/lib/thumb/v6-m/libc.a(lib_a-readr.o)
                0x10005c64                _read_r
 .text          0x10005c8c      0x3b0 /usr/lib/gcc/arm-none-eabi/7.3.1/../../../arm-none-eabi/lib/thumb/v6-m/libc.a(lib_a-reallocr.o)
                0x10005c8c                _realloc_r
 .text          0x1000603c       0xd4 /usr/lib/gcc/arm-none-eabi/7.3.1/../../../arm-none-eabi/lib/thumb/v6-m/libc.a(lib_a-wsetup.o)
                0x1000603c                __swsetup_r
 .text          0x10006110       0xf0 /usr/lib/gcc/arm-none-eabi/7.3.1/../../../arm-none-eabi/lib/thumb/v6-m/libc.a(lib_a-makebuf.o)
                0x10006110                __swhatbuf_r
                0x10006170                __smakebuf_r
 .text          0x10006200       0x28 /usr/lib/gcc/arm-none-eabi/7.3.1/../../../arm-none-eabi/lib/thumb/v6-m/libc.a(lib_a-fstatr.o)
                0x10006200                _fstat_r
 .text          0x10006228       0x24 /usr/lib/gcc/arm-none-eabi/7.3.1/../../../arm-none-eabi/lib/thumb/v6-m/libc.a(lib_a-isattyr.o)
                0x10006228                _isatty_r
 .text          0x1000624c       0x10 /usr/lib/gcc/arm-none-eabi/7.3.1/../../../arm-none-eabi/lib/thumb/v6-m/libnosys.a(close.o)
                0x1000624c                _close
 .text          0x1000625c       0x10 /usr/lib/gcc/arm-none-eabi/7.3.1/../../../arm-none-eabi/lib/thumb/v6-m/libnosys.a(fstat.o)
                0x1000625c                _fstat
 .text          0x1000626c       0x10 /usr/lib/gcc/arm-none-eabi/7.3.1/../../../arm-none-eabi/lib/thumb/v6-m/libnosys.a(isatty.o)
                0x1000626c                _isatty
 .text          0x1000627c       0x10 /usr/lib/gcc/arm-none-eabi/7.3.1/../../../arm-none-eabi/lib/thumb/v6-m/libnosys.a(lseek.o)
                0x1000627c                _lseek
 *(.fini)
 .fini          0x1000628c        0x4 /usr/lib/gcc/arm-none-eabi/7.3.1/thumb/v6-m/crti.o
                0x1000628c                _fini
 .fini.__stub   0x10006290       0x70 linker stubs
 *crtbegin.o(.ctors)
 *crtbegin?.o(.ctors)
 *(EXCLUDE_FILE(*crtend.o *crtend?.o) .ctors)
 *(SORT_BY_NAME(.ctors.*))
 *(.ctors)
 *crtbegin.o(.dtors)
 *crtbegin?.o(.dtors)
 *(EXCLUDE_FILE(*crtend.o *crtend?.o) .dtors)
 *(SORT_BY_NAME(.dtors.*))
 *(.dtors)
 *(.eh_frame*)
 .eh_frame      0x10006300        0x0 /usr/lib/gcc/arm-none-eabi/7.3.1/thumb/v6-m/crtbegin.o
                0x10006300                . = ALIGN (0x4)

.glue_7         0x10006300        0x0
 .glue_7        0x10006300        0x0 linker stubs

.glue_7t        0x10006300        0x0
 .glue_7t       0x10006300        0x0 linker stubs

.vfp11_veneer   0x10006300        0x0
 .vfp11_veneer  0x10006300        0x0 linker stubs

.v4_bx          0x10006300        0x0
 .v4_bx         0x10006300        0x0 linker stubs

.iplt           0x10006300        0x0
 .iplt          0x10006300        0x0 /usr/lib/gcc/arm-none-eabi/7.3.1/thumb/v6-m/crtbegin.o

.rodata         0x10006300      0x3ac
 *(EXCLUDE_FILE(*libm.a: *libc.a:*lib_a-mem*.o *libgcc.a:) .rodata*)
 .rodata.https_get.constprop.0.str1.4
                0x10006300       0x38 CMakeFiles/C-SDK_HTTPS_GET_through_ESP01.dir/C-SDK_HTTPS_GET_through_ESP01.c.obj
 .rodata.https_get.constprop.1.str1.4
                0x10006338       0x38 CMakeFiles/C-SDK_HTTPS_GET_through_ESP01.dir/C-SDK_HTTPS_GET_through_ESP01.c.obj
 .rodata.spin_lock_claim_unused.str1.4
                0x10006370       0x1b CMakeFiles/C-SDK_HTTPS_GET_through_ESP01.dir/home/pi/pico/pico-sdk/src/rp2_common/hardware_sync/sync.c.obj
 *fill*         0x1000638b        0x5 
 .rodata.at_the_end_of_time
                0x10006390        0x8 CMakeFiles/C-SDK_HTTPS_GET_through_ESP01.dir/home/pi/pico/pico-sdk/src/common/pico_time/time.c.obj
                0x10006390                at_the_end_of_time
 .rodata.hardware_alarm_claim.str1.4
                0x10006398       0x22 CMakeFiles/C-SDK_HTTPS_GET_through_ESP01.dir/home/pi/pico/pico-sdk/src/rp2_common/hardware_timer/timer.c.obj
 *fill*         0x100063ba        0x2 
 .rodata.hard_assertion_failure.str1.4
                0x100063bc        0xc CMakeFiles/C-SDK_HTTPS_GET_through_ESP01.dir/home/pi/pico/pico-sdk/src/rp2_common/pico_runtime/runtime.c.obj
 .rodata.panic.str1.4
                0x100063c8       0x12 CMakeFiles/C-SDK_HTTPS_GET_through_ESP01.dir/home/pi/pico/pico-sdk/src/rp2_common/pico_runtime/runtime.c.obj
 *fill*         0x100063da        0x2 
 .rodata.__bi_40
                0x100063dc        0xc CMakeFiles/C-SDK_HTTPS_GET_through_ESP01.dir/home/pi/pico/pico-sdk/src/rp2_common/pico_standard_link/binary_info.c.obj
 .rodata.__bi_52
                0x100063e8        0xc CMakeFiles/C-SDK_HTTPS_GET_through_ESP01.dir/home/pi/pico/pico-sdk/src/rp2_common/pico_standard_link/binary_info.c.obj
 .rodata.__bi_71
                0x100063f4        0xc CMakeFiles/C-SDK_HTTPS_GET_through_ESP01.dir/home/pi/pico/pico-sdk/src/rp2_common/pico_standard_link/binary_info.c.obj
 .rodata.str1.4
                0x10006400       0x48 CMakeFiles/C-SDK_HTTPS_GET_through_ESP01.dir/home/pi/pico/pico-sdk/src/rp2_common/pico_standard_link/binary_info.c.obj
 .rodata.crlf_str.5907
                0x10006448        0x2 CMakeFiles/C-SDK_HTTPS_GET_through_ESP01.dir/home/pi/pico/pico-sdk/src/rp2_common/pico_stdio/stdio.c.obj
 *fill*         0x1000644a        0x2 
 .rodata.__bi_27.4645
                0x1000644c        0xc CMakeFiles/C-SDK_HTTPS_GET_through_ESP01.dir/home/pi/pico/pico-sdk/src/rp2_common/pico_stdio_uart/stdio_uart.c.obj
 .rodata.__bi_28.4649
                0x10006458        0x8 CMakeFiles/C-SDK_HTTPS_GET_through_ESP01.dir/home/pi/pico/pico-sdk/src/rp2_common/pico_stdio_uart/stdio_uart.c.obj
 .rodata.str1.4
                0x10006460       0x2c CMakeFiles/C-SDK_HTTPS_GET_through_ESP01.dir/home/pi/pico/pico-sdk/src/rp2_common/pico_stdio_uart/stdio_uart.c.obj
 .rodata.__bi_93.6929
                0x1000648c        0xc CMakeFiles/C-SDK_HTTPS_GET_through_ESP01.dir/home/pi/pico/pico-sdk/src/rp2_common/pico_stdio_usb/stdio_usb.c.obj
 .rodata.str1.4
                0x10006498       0x13 CMakeFiles/C-SDK_HTTPS_GET_through_ESP01.dir/home/pi/pico/pico-sdk/src/rp2_common/pico_stdio_usb/stdio_usb.c.obj
 *fill*         0x100064ab        0x1 
 .rodata.str1.4
                0x100064ac       0x32 CMakeFiles/C-SDK_HTTPS_GET_through_ESP01.dir/home/pi/pico/pico-sdk/src/rp2_common/pico_stdio_usb/stdio_usb_descriptors.c.obj
 *fill*         0x100064de        0x2 
 .rodata.usbd_desc_cfg
                0x100064e0       0x4b CMakeFiles/C-SDK_HTTPS_GET_through_ESP01.dir/home/pi/pico/pico-sdk/src/rp2_common/pico_stdio_usb/stdio_usb_descriptors.c.obj
 *fill*         0x1000652b        0x1 
 .rodata.usbd_desc_device
                0x1000652c       0x12 CMakeFiles/C-SDK_HTTPS_GET_through_ESP01.dir/home/pi/pico/pico-sdk/src/rp2_common/pico_stdio_usb/stdio_usb_descriptors.c.obj
 *fill*         0x1000653e        0x2 
 .rodata.usbd_desc_str
                0x10006540       0x14 CMakeFiles/C-SDK_HTTPS_GET_through_ESP01.dir/home/pi/pico/pico-sdk/src/rp2_common/pico_stdio_usb/stdio_usb_descriptors.c.obj
 .rodata.dcd_edpt_open.str1.4
                0x10006554       0x28 CMakeFiles/C-SDK_HTTPS_GET_through_ESP01.dir/home/pi/pico/pico-sdk/lib/tinyusb/src/portable/raspberrypi/rp2040/dcd_rp2040.c.obj
 .rodata.dcd_rp2040_irq.str1.4
                0x1000657c       0x14 CMakeFiles/C-SDK_HTTPS_GET_through_ESP01.dir/home/pi/pico/pico-sdk/lib/tinyusb/src/portable/raspberrypi/rp2040/dcd_rp2040.c.obj
 .rodata._hw_endpoint_buffer_control_update32.str1.4
                0x10006590       0x1f CMakeFiles/C-SDK_HTTPS_GET_through_ESP01.dir/home/pi/pico/pico-sdk/lib/tinyusb/src/portable/raspberrypi/rp2040/rp2040_usb.c.obj
 *fill*         0x100065af        0x1 
 .rodata._hw_endpoint_xfer_continue.str1.4
                0x100065b0       0x50 CMakeFiles/C-SDK_HTTPS_GET_through_ESP01.dir/home/pi/pico/pico-sdk/lib/tinyusb/src/portable/raspberrypi/rp2040/rp2040_usb.c.obj
 .rodata.str1.4
                0x10006600       0x50 CMakeFiles/C-SDK_HTTPS_GET_through_ESP01.dir/home/pi/pico/pico-sdk/lib/tinyusb/src/portable/raspberrypi/rp2040/rp2040_usb.c.obj
                                  0x7 (size before relaxing)
 .rodata.tud_task
                0x10006600       0x8c CMakeFiles/C-SDK_HTTPS_GET_through_ESP01.dir/home/pi/pico/pico-sdk/lib/tinyusb/src/device/usbd.c.obj
 .rodata._usbd_driver
                0x1000668c       0x1c CMakeFiles/C-SDK_HTTPS_GET_through_ESP01.dir/home/pi/pico/pico-sdk/lib/tinyusb/src/device/usbd.c.obj
 .rodata        0x100066a8        0x4 /usr/lib/gcc/arm-none-eabi/7.3.1/../../../arm-none-eabi/lib/thumb/v6-m/libc.a(lib_a-impure.o)
                0x100066a8                _global_impure_ptr
                0x100066ac                . = ALIGN (0x4)
 *(SORT_BY_ALIGNMENT(SORT_BY_NAME(.flashdata*)))
                0x100066ac                . = ALIGN (0x4)

.rel.dyn        0x100066ac        0x0
 .rel.iplt      0x100066ac        0x0 /usr/lib/gcc/arm-none-eabi/7.3.1/thumb/v6-m/crtbegin.o

.ARM.extab
 *(.ARM.extab* .gnu.linkonce.armextab.*)
                0x100066ac                __exidx_start = .

.ARM.exidx
 *(.ARM.exidx* .gnu.linkonce.armexidx.*)
                0x100066ac                __exidx_end = .
                0x100066ac                . = ALIGN (0x4)
                0x100066ac                __binary_info_start = .

.binary_info    0x100066ac       0x28
 *(.binary_info.keep.*)
 .binary_info.keep.__bi_ptr18
                0x100066ac        0x4 CMakeFiles/C-SDK_HTTPS_GET_through_ESP01.dir/home/pi/pico/pico-sdk/src/rp2_common/pico_standard_link/binary_info.c.obj
 .binary_info.keep.__bi_ptr26
                0x100066b0        0x4 CMakeFiles/C-SDK_HTTPS_GET_through_ESP01.dir/home/pi/pico/pico-sdk/src/rp2_common/pico_standard_link/binary_info.c.obj
 .binary_info.keep.__bi_ptr34
                0x100066b4        0x4 CMakeFiles/C-SDK_HTTPS_GET_through_ESP01.dir/home/pi/pico/pico-sdk/src/rp2_common/pico_standard_link/binary_info.c.obj
 .binary_info.keep.__bi_ptr40
                0x100066b8        0x4 CMakeFiles/C-SDK_HTTPS_GET_through_ESP01.dir/home/pi/pico/pico-sdk/src/rp2_common/pico_standard_link/binary_info.c.obj
 .binary_info.keep.__bi_ptr46
                0x100066bc        0x4 CMakeFiles/C-SDK_HTTPS_GET_through_ESP01.dir/home/pi/pico/pico-sdk/src/rp2_common/pico_standard_link/binary_info.c.obj
 .binary_info.keep.__bi_ptr52
                0x100066c0        0x4 CMakeFiles/C-SDK_HTTPS_GET_through_ESP01.dir/home/pi/pico/pico-sdk/src/rp2_common/pico_standard_link/binary_info.c.obj
 .binary_info.keep.__bi_ptr71
                0x100066c4        0x4 CMakeFiles/C-SDK_HTTPS_GET_through_ESP01.dir/home/pi/pico/pico-sdk/src/rp2_common/pico_standard_link/binary_info.c.obj
 *(.binary_info.*)
 .binary_info.__bi_ptr27
                0x100066c8        0x4 CMakeFiles/C-SDK_HTTPS_GET_through_ESP01.dir/home/pi/pico/pico-sdk/src/rp2_common/pico_stdio_uart/stdio_uart.c.obj
 .binary_info.__bi_ptr28
                0x100066cc        0x4 CMakeFiles/C-SDK_HTTPS_GET_through_ESP01.dir/home/pi/pico/pico-sdk/src/rp2_common/pico_stdio_uart/stdio_uart.c.obj
 .binary_info.__bi_ptr93
                0x100066d0        0x4 CMakeFiles/C-SDK_HTTPS_GET_through_ESP01.dir/home/pi/pico/pico-sdk/src/rp2_common/pico_stdio_usb/stdio_usb.c.obj
                0x100066d4                __binary_info_end = .
                0x100066d4                . = ALIGN (0x4)
                0x100066d4                __etext = .

.ram_vector_table
                0x20000000       0xc0
 *(.ram_vector_table)
 .ram_vector_table
                0x20000000       0xc0 CMakeFiles/C-SDK_HTTPS_GET_through_ESP01.dir/home/pi/pico/pico-sdk/src/rp2_common/pico_runtime/runtime.c.obj
                0x20000000                ram_vector_table

.data           0x200000c0      0xbcc load address 0x100066d4
                0x200000c0                __data_start__ = .
 *(vtable)
 *(.time_critical*)
 .time_critical.mutex_enter_blocking
                0x200000c0       0x50 CMakeFiles/C-SDK_HTTPS_GET_through_ESP01.dir/home/pi/pico/pico-sdk/src/common/pico_sync/mutex.c.obj
                0x200000c0                mutex_enter_blocking
 .time_critical.mutex_try_enter
                0x20000110       0x4c CMakeFiles/C-SDK_HTTPS_GET_through_ESP01.dir/home/pi/pico/pico-sdk/src/common/pico_sync/mutex.c.obj
                0x20000110                mutex_try_enter
 .time_critical.mutex_enter_timeout_ms
                0x2000015c       0x9c CMakeFiles/C-SDK_HTTPS_GET_through_ESP01.dir/home/pi/pico/pico-sdk/src/common/pico_sync/mutex.c.obj
                0x2000015c                mutex_enter_timeout_ms
 .time_critical.mutex_exit
                0x200001f8       0x28 CMakeFiles/C-SDK_HTTPS_GET_through_ESP01.dir/home/pi/pico/pico-sdk/src/common/pico_sync/mutex.c.obj
                0x200001f8                mutex_exit
 *(.text*)
 .text          0x20000220        0x4 /usr/lib/gcc/arm-none-eabi/7.3.1/thumb/v6-m/libgcc.a(_dvmd_tls.o)
                0x20000220                __aeabi_ldiv0
                0x20000220                __aeabi_idiv0
 .text          0x20000224       0x80 /usr/lib/gcc/arm-none-eabi/7.3.1/../../../arm-none-eabi/lib/thumb/v6-m/libc.a(lib_a-memchr-stub.o)
                0x20000224                memchr
 .text          0x200002a4       0x9c /usr/lib/gcc/arm-none-eabi/7.3.1/../../../arm-none-eabi/lib/thumb/v6-m/libc.a(lib_a-memmove.o)
                0x200002a4                memmove
 .text.__stub   0x20000340       0x30 linker stubs
                0x20000370                . = ALIGN (0x4)
 *(.rodata*)
                0x20000370                . = ALIGN (0x4)
 *(.data*)
 .data.striped_spin_lock_num
                0x20000370        0x1 CMakeFiles/C-SDK_HTTPS_GET_through_ESP01.dir/home/pi/pico/pico-sdk/src/rp2_common/hardware_sync/sync.c.obj
 *fill*         0x20000371        0x3 
 .data          0x20000374       0x48 CMakeFiles/C-SDK_HTTPS_GET_through_ESP01.dir/home/pi/pico/pico-sdk/src/rp2_common/hardware_irq/irq_handler_chain.S.obj
                0x20000374                irq_handler_chain_slots
                0x200003a4                irq_handler_chain_first_slot
                0x200003ae                irq_handler_chain_remove_tail
 *fill*         0x200003bc        0x4 
 .data.aeabi_bits_funcs
                0x200003c0       0x10 CMakeFiles/C-SDK_HTTPS_GET_through_ESP01.dir/home/pi/pico/pico-sdk/src/rp2_common/pico_bit_ops/bit_ops_aeabi.S.obj
                0x200003c0                aeabi_bits_funcs
                0x200003d0                aeabi_bits_funcs_end
 .data.aeabi_mem_funcs
                0x200003d0       0x10 CMakeFiles/C-SDK_HTTPS_GET_through_ESP01.dir/home/pi/pico/pico-sdk/src/rp2_common/pico_mem_ops/mem_ops_aeabi.S.obj
                0x200003d0                aeabi_mem_funcs
                0x200003e0                aeabi_mem_funcs_end
 .data.stdio_uart
                0x200003e0       0x14 CMakeFiles/C-SDK_HTTPS_GET_through_ESP01.dir/home/pi/pico/pico-sdk/src/rp2_common/pico_stdio_uart/stdio_uart.c.obj
                0x200003e0                stdio_uart
 .data.stdio_usb
                0x200003f4       0x14 CMakeFiles/C-SDK_HTTPS_GET_through_ESP01.dir/home/pi/pico/pico-sdk/src/rp2_common/pico_stdio_usb/stdio_usb.c.obj
                0x200003f4                stdio_usb
 .data.ep_dir_string
                0x20000408        0x8 CMakeFiles/C-SDK_HTTPS_GET_through_ESP01.dir/home/pi/pico/pico-sdk/lib/tinyusb/src/portable/raspberrypi/rp2040/rp2040_usb.c.obj
                0x20000408                ep_dir_string
 .data._usbd_qdef
                0x20000410       0x20 CMakeFiles/C-SDK_HTTPS_GET_through_ESP01.dir/home/pi/pico/pico-sdk/lib/tinyusb/src/device/usbd.c.obj
                0x20000410                _usbd_qdef
 .data          0x20000430      0x430 /usr/lib/gcc/arm-none-eabi/7.3.1/../../../arm-none-eabi/lib/thumb/v6-m/libc.a(lib_a-impure.o)
                0x20000430                _impure_ptr
 .data          0x20000860      0x410 /usr/lib/gcc/arm-none-eabi/7.3.1/../../../arm-none-eabi/lib/thumb/v6-m/libc.a(lib_a-mallocr.o)
                0x20000860                __malloc_sbrk_base
                0x20000864                __malloc_trim_threshold
                0x20000868                __malloc_av_
                0x20000c70                . = ALIGN (0x4)
 *(.after_data.*)
                0x20000c70                . = ALIGN (0x4)
                0x20000c70                PROVIDE (__mutex_array_start = .)
 *(SORT_BY_NAME(.mutex_array.*))
 *(.mutex_array)
 .mutex_array   0x20000c70        0x8 CMakeFiles/C-SDK_HTTPS_GET_through_ESP01.dir/home/pi/pico/pico-sdk/src/rp2_common/pico_stdio/stdio.c.obj
                0x20000c78                PROVIDE (__mutex_array_end = .)
                0x20000c78                . = ALIGN (0x4)
                0x20000c78                PROVIDE (__preinit_array_start = .)
 *(SORT_BY_NAME(.preinit_array.*))
 .preinit_array.00001
                0x20000c78        0x4 CMakeFiles/C-SDK_HTTPS_GET_through_ESP01.dir/home/pi/pico/pico-sdk/src/rp2_common/pico_mem_ops/mem_ops_aeabi.S.obj
 .preinit_array.00010
                0x20000c7c        0x4 CMakeFiles/C-SDK_HTTPS_GET_through_ESP01.dir/home/pi/pico/pico-sdk/src/rp2_common/pico_bit_ops/bit_ops_aeabi.S.obj
 .preinit_array.00020
                0x20000c80        0x4 CMakeFiles/C-SDK_HTTPS_GET_through_ESP01.dir/home/pi/pico/pico-sdk/src/rp2_common/pico_double/double_aeabi.S.obj
 .preinit_array.00020
                0x20000c84        0x4 CMakeFiles/C-SDK_HTTPS_GET_through_ESP01.dir/home/pi/pico/pico-sdk/src/rp2_common/pico_float/float_aeabi.S.obj
 *(.preinit_array)
                0x20000c88                PROVIDE (__preinit_array_end = .)
                0x20000c88                . = ALIGN (0x4)
                0x20000c88                PROVIDE (__init_array_start = .)
 *(SORT_BY_NAME(.init_array.*))
 *(.init_array)
 .init_array    0x20000c88        0x4 /usr/lib/gcc/arm-none-eabi/7.3.1/thumb/v6-m/crtbegin.o
                0x20000c8c                PROVIDE (__init_array_end = .)
                0x20000c8c                . = ALIGN (0x4)
                0x20000c8c                PROVIDE (__fini_array_start = .)
 *(SORT_BY_NAME(.fini_array.*))
 *(.fini_array)
                0x20000c8c                PROVIDE (__fini_array_end = .)
 *(.jcr)
                0x20000c8c                . = ALIGN (0x4)
                0x20000c8c                __data_end__ = .

.tm_clone_table
                0x20000c8c        0x0 load address 0x100072a0
 .tm_clone_table
                0x20000c8c        0x0 /usr/lib/gcc/arm-none-eabi/7.3.1/thumb/v6-m/crtbegin.o
 .tm_clone_table
                0x20000c8c        0x0 /usr/lib/gcc/arm-none-eabi/7.3.1/thumb/v6-m/crtend.o

.igot.plt       0x20000c8c        0x0 load address 0x100072a0
 .igot.plt      0x20000c8c        0x0 /usr/lib/gcc/arm-none-eabi/7.3.1/thumb/v6-m/crtbegin.o

.uninitialized_data
                0x20000c8c        0x0 load address 0x100072a0
                0x20000c8c                . = ALIGN (0x4)
 *(.uninitialized_data*)

.scratch_x      0x20040000        0x0 load address 0x100072a0
                0x20040000                __scratch_x_start__ = .
 *(.scratch_x.*)
                0x20040000                . = ALIGN (0x4)
                0x20040000                __scratch_x_end__ = .
                0x100072a0                __scratch_x_source__ = LOADADDR (.scratch_x)

.scratch_y      0x20041000        0x0 load address 0x100072a0
                0x20041000                __scratch_y_start__ = .
 *(.scratch_y.*)
                0x20041000                . = ALIGN (0x4)
                0x20041000                __scratch_y_end__ = .
                0x100072a0                __scratch_y_source__ = LOADADDR (.scratch_y)

.bss            0x20000c90      0xdc0
                0x20000c90                . = ALIGN (0x4)
                0x20000c90                __bss_start__ = .
 *(SORT_BY_ALIGNMENT(SORT_BY_NAME(.bss*)))
 .bss.last_avail_time.6908
                0x20000c90        0x8 CMakeFiles/C-SDK_HTTPS_GET_through_ESP01.dir/home/pi/pico/pico-sdk/src/rp2_common/pico_stdio_usb/stdio_usb.c.obj
 .bss           0x20000c98       0x1c /usr/lib/gcc/arm-none-eabi/7.3.1/thumb/v6-m/crtbegin.o
 .bss           0x20000cb4       0x34 /usr/lib/gcc/arm-none-eabi/7.3.1/../../../arm-none-eabi/lib/thumb/v6-m/libc.a(lib_a-mallocr.o)
                0x20000cb4                __malloc_top_pad
                0x20000cb8                __malloc_current_mallinfo
                0x20000ce0                __malloc_max_sbrked_mem
                0x20000ce4                __malloc_max_total_mem
 .bss._app_driver
                0x20000ce8        0x4 CMakeFiles/C-SDK_HTTPS_GET_through_ESP01.dir/home/pi/pico/pico-sdk/lib/tinyusb/src/device/usbd.c.obj
 .bss._cdcd_itf
                0x20000cec      0x2d0 CMakeFiles/C-SDK_HTTPS_GET_through_ESP01.dir/home/pi/pico/pico-sdk/lib/tinyusb/src/class/cdc/cdc_device.c.obj
 .bss._ctrl_xfer
                0x20000fbc       0x14 CMakeFiles/C-SDK_HTTPS_GET_through_ESP01.dir/home/pi/pico/pico-sdk/lib/tinyusb/src/device/usbd_control.c.obj
 .bss._ubsd_mutexdef
                0x20000fd0        0x8 CMakeFiles/C-SDK_HTTPS_GET_through_ESP01.dir/home/pi/pico/pico-sdk/lib/tinyusb/src/device/usbd.c.obj
 .bss._usbd_ctrl_buf
                0x20000fd8       0x40 CMakeFiles/C-SDK_HTTPS_GET_through_ESP01.dir/home/pi/pico/pico-sdk/lib/tinyusb/src/device/usbd_control.c.obj
 .bss._usbd_dev
                0x20001018       0x37 CMakeFiles/C-SDK_HTTPS_GET_through_ESP01.dir/home/pi/pico/pico-sdk/lib/tinyusb/src/device/usbd.c.obj
 *fill*         0x2000104f        0x1 
 .bss._usbd_mutex
                0x20001050        0x4 CMakeFiles/C-SDK_HTTPS_GET_through_ESP01.dir/home/pi/pico/pico-sdk/lib/tinyusb/src/device/usbd.c.obj
 .bss._usbd_q   0x20001054        0x4 CMakeFiles/C-SDK_HTTPS_GET_through_ESP01.dir/home/pi/pico/pico-sdk/lib/tinyusb/src/device/usbd.c.obj
 .bss.alarm_callbacks
                0x20001058       0x10 CMakeFiles/C-SDK_HTTPS_GET_through_ESP01.dir/home/pi/pico/pico-sdk/src/rp2_common/hardware_timer/timer.c.obj
 .bss.claimed   0x20001068        0x4 CMakeFiles/C-SDK_HTTPS_GET_through_ESP01.dir/home/pi/pico/pico-sdk/src/rp2_common/hardware_sync/sync.c.obj
 .bss.configured_freq
                0x2000106c       0x28 CMakeFiles/C-SDK_HTTPS_GET_through_ESP01.dir/home/pi/pico/pico-sdk/src/rp2_common/hardware_clocks/clocks.c.obj
 .bss.default_alarm_pool
                0x20001094        0x4 CMakeFiles/C-SDK_HTTPS_GET_through_ESP01.dir/home/pi/pico/pico-sdk/src/common/pico_time/time.c.obj
 .bss.desc_str.6791
                0x20001098       0x28 CMakeFiles/C-SDK_HTTPS_GET_through_ESP01.dir/home/pi/pico/pico-sdk/src/rp2_common/pico_stdio_usb/stdio_usb_descriptors.c.obj
 .bss.drivers   0x200010c0        0x4 CMakeFiles/C-SDK_HTTPS_GET_through_ESP01.dir/home/pi/pico/pico-sdk/src/rp2_common/pico_stdio/stdio.c.obj
 .bss.filter    0x200010c4        0x4 CMakeFiles/C-SDK_HTTPS_GET_through_ESP01.dir/home/pi/pico/pico-sdk/src/rp2_common/pico_stdio/stdio.c.obj
 .bss.heap_end.5708
                0x200010c8        0x4 CMakeFiles/C-SDK_HTTPS_GET_through_ESP01.dir/home/pi/pico/pico-sdk/src/rp2_common/pico_runtime/runtime.c.obj
 .bss.hw_endpoints
                0x200010cc      0x680 CMakeFiles/C-SDK_HTTPS_GET_through_ESP01.dir/home/pi/pico/pico-sdk/lib/tinyusb/src/portable/raspberrypi/rp2040/dcd_rp2040.c.obj
 .bss.lazy_vsnprintf
                0x2000174c        0x4 CMakeFiles/C-SDK_HTTPS_GET_through_ESP01.dir/home/pi/pico/pico-sdk/src/rp2_common/pico_printf/printf.c.obj
 .bss.next_buffer_ptr
                0x20001750        0x4 CMakeFiles/C-SDK_HTTPS_GET_through_ESP01.dir/home/pi/pico/pico-sdk/lib/tinyusb/src/portable/raspberrypi/rp2040/dcd_rp2040.c.obj
 .bss.pools     0x20001754       0x10 CMakeFiles/C-SDK_HTTPS_GET_through_ESP01.dir/home/pi/pico/pico-sdk/src/common/pico_time/time.c.obj
 .bss.stdio_usb_mutex
                0x20001764        0x8 CMakeFiles/C-SDK_HTTPS_GET_through_ESP01.dir/home/pi/pico/pico-sdk/src/rp2_common/pico_stdio_usb/stdio_usb.c.obj
 .bss.target_hi
                0x2000176c       0x10 CMakeFiles/C-SDK_HTTPS_GET_through_ESP01.dir/home/pi/pico/pico-sdk/src/rp2_common/hardware_timer/timer.c.obj
 .bss._app_driver_count
                0x2000177c        0x1 CMakeFiles/C-SDK_HTTPS_GET_through_ESP01.dir/home/pi/pico/pico-sdk/lib/tinyusb/src/device/usbd.c.obj
 .bss._initialized
                0x2000177d        0x1 CMakeFiles/C-SDK_HTTPS_GET_through_ESP01.dir/home/pi/pico/pico-sdk/lib/tinyusb/src/tusb.c.obj
 .bss.assigned_address
                0x2000177e        0x1 CMakeFiles/C-SDK_HTTPS_GET_through_ESP01.dir/home/pi/pico/pico-sdk/lib/tinyusb/src/portable/raspberrypi/rp2040/dcd_rp2040.c.obj
 .bss.claimed   0x2000177f        0x1 CMakeFiles/C-SDK_HTTPS_GET_through_ESP01.dir/home/pi/pico/pico-sdk/src/rp2_common/hardware_timer/timer.c.obj
 .bss.irq_hander_chain_free_slot_head
                0x20001780        0x1 CMakeFiles/C-SDK_HTTPS_GET_through_ESP01.dir/home/pi/pico/pico-sdk/src/rp2_common/hardware_irq/irq.c.obj
 .bss.timer_callbacks_pending
                0x20001781        0x1 CMakeFiles/C-SDK_HTTPS_GET_through_ESP01.dir/home/pi/pico/pico-sdk/src/rp2_common/hardware_timer/timer.c.obj
 *(COMMON)
 *fill*         0x20001782        0x2 
 COMMON         0x20001784        0x4 CMakeFiles/C-SDK_HTTPS_GET_through_ESP01.dir/home/pi/pico/pico-sdk/src/rp2_common/hardware_uart/uart.c.obj
                0x20001784                uart_char_to_line_feed
 COMMON         0x20001788      0x100 CMakeFiles/C-SDK_HTTPS_GET_through_ESP01.dir/home/pi/pico/pico-sdk/src/rp2_common/pico_double/double_init_rom.c.obj
                0x20001788                sd_table
 COMMON         0x20001888      0x104 CMakeFiles/C-SDK_HTTPS_GET_through_ESP01.dir/home/pi/pico/pico-sdk/src/rp2_common/pico_float/float_init_rom.c.obj
                0x20001888                sf_table
                0x20001988                sf_clz_func
 COMMON         0x2000198c       0xc0 CMakeFiles/C-SDK_HTTPS_GET_through_ESP01.dir/home/pi/pico/pico-sdk/lib/tinyusb/src/device/usbd.c.obj
                0x2000198c                _usbd_qdef_buf
 COMMON         0x20001a4c        0x4 /usr/lib/gcc/arm-none-eabi/7.3.1/../../../arm-none-eabi/lib/thumb/v6-m/libc.a(lib_a-reent.o)
                0x20001a4c                errno
                0x20001a50                . = ALIGN (0x4)
                0x20001a50                __bss_end__ = .

.heap           0x20001a50      0x800
                0x20001a50                __end__ = .
                0x20001a50                end = __end__
 *(.heap*)
 .heap          0x20001a50      0x800 CMakeFiles/C-SDK_HTTPS_GET_through_ESP01.dir/home/pi/pico/pico-sdk/src/rp2_common/pico_standard_link/crt0.S.obj
                0x20002250                __HeapLimit = .

.stack1_dummy   0x20040000        0x0
 *(.stack1*)

.stack_dummy    0x20041000      0x800
 *(.stack*)
 .stack         0x20041000      0x800 CMakeFiles/C-SDK_HTTPS_GET_through_ESP01.dir/home/pi/pico/pico-sdk/src/rp2_common/pico_standard_link/crt0.S.obj

.flash_end      0x100072a0        0x0
                0x100072a0                __flash_binary_end = .
                0x20040000                __StackLimit = (ORIGIN (RAM) + LENGTH (RAM))
                0x20041000                __StackOneTop = (ORIGIN (SCRATCH_X) + LENGTH (SCRATCH_X))
                0x20042000                __StackTop = (ORIGIN (SCRATCH_Y) + LENGTH (SCRATCH_Y))
                0x20041000                __StackOneBottom = (__StackOneTop - SIZEOF (.stack1_dummy))
                0x20041800                __StackBottom = (__StackTop - SIZEOF (.stack_dummy))
                0x20042000                PROVIDE (__stack = __StackTop)
                0x00000001                ASSERT ((__StackLimit >= __HeapLimit), region RAM overflowed)
LOAD CMakeFiles/C-SDK_HTTPS_GET_through_ESP01.dir/C-SDK_HTTPS_GET_through_ESP01.c.obj
LOAD CMakeFiles/C-SDK_HTTPS_GET_through_ESP01.dir/home/pi/pico/pico-sdk/src/rp2_common/pico_stdlib/stdlib.c.obj
LOAD CMakeFiles/C-SDK_HTTPS_GET_through_ESP01.dir/home/pi/pico/pico-sdk/src/rp2_common/hardware_gpio/gpio.c.obj
LOAD CMakeFiles/C-SDK_HTTPS_GET_through_ESP01.dir/home/pi/pico/pico-sdk/src/rp2_common/hardware_claim/claim.c.obj
LOAD CMakeFiles/C-SDK_HTTPS_GET_through_ESP01.dir/home/pi/pico/pico-sdk/src/rp2_common/hardware_sync/sync.c.obj
LOAD CMakeFiles/C-SDK_HTTPS_GET_through_ESP01.dir/home/pi/pico/pico-sdk/src/rp2_common/pico_platform/platform.c.obj
LOAD CMakeFiles/C-SDK_HTTPS_GET_through_ESP01.dir/home/pi/pico/pico-sdk/src/rp2_common/hardware_uart/uart.c.obj
LOAD CMakeFiles/C-SDK_HTTPS_GET_through_ESP01.dir/home/pi/pico/pico-sdk/src/rp2_common/hardware_divider/divider.S.obj
LOAD CMakeFiles/C-SDK_HTTPS_GET_through_ESP01.dir/home/pi/pico/pico-sdk/src/common/pico_time/time.c.obj
LOAD CMakeFiles/C-SDK_HTTPS_GET_through_ESP01.dir/home/pi/pico/pico-sdk/src/common/pico_time/timeout_helper.c.obj
LOAD CMakeFiles/C-SDK_HTTPS_GET_through_ESP01.dir/home/pi/pico/pico-sdk/src/rp2_common/hardware_timer/timer.c.obj
LOAD CMakeFiles/C-SDK_HTTPS_GET_through_ESP01.dir/home/pi/pico/pico-sdk/src/common/pico_sync/sem.c.obj
LOAD CMakeFiles/C-SDK_HTTPS_GET_through_ESP01.dir/home/pi/pico/pico-sdk/src/common/pico_sync/lock_core.c.obj
LOAD CMakeFiles/C-SDK_HTTPS_GET_through_ESP01.dir/home/pi/pico/pico-sdk/src/common/pico_sync/mutex.c.obj
LOAD CMakeFiles/C-SDK_HTTPS_GET_through_ESP01.dir/home/pi/pico/pico-sdk/src/common/pico_sync/critical_section.c.obj
LOAD CMakeFiles/C-SDK_HTTPS_GET_through_ESP01.dir/home/pi/pico/pico-sdk/src/common/pico_util/datetime.c.obj
LOAD CMakeFiles/C-SDK_HTTPS_GET_through_ESP01.dir/home/pi/pico/pico-sdk/src/common/pico_util/pheap.c.obj
LOAD CMakeFiles/C-SDK_HTTPS_GET_through_ESP01.dir/home/pi/pico/pico-sdk/src/common/pico_util/queue.c.obj
LOAD CMakeFiles/C-SDK_HTTPS_GET_through_ESP01.dir/home/pi/pico/pico-sdk/src/rp2_common/pico_runtime/runtime.c.obj
LOAD CMakeFiles/C-SDK_HTTPS_GET_through_ESP01.dir/home/pi/pico/pico-sdk/src/rp2_common/hardware_clocks/clocks.c.obj
LOAD CMakeFiles/C-SDK_HTTPS_GET_through_ESP01.dir/home/pi/pico/pico-sdk/src/rp2_common/hardware_watchdog/watchdog.c.obj
LOAD CMakeFiles/C-SDK_HTTPS_GET_through_ESP01.dir/home/pi/pico/pico-sdk/src/rp2_common/hardware_xosc/xosc.c.obj
LOAD CMakeFiles/C-SDK_HTTPS_GET_through_ESP01.dir/home/pi/pico/pico-sdk/src/rp2_common/hardware_pll/pll.c.obj
LOAD CMakeFiles/C-SDK_HTTPS_GET_through_ESP01.dir/home/pi/pico/pico-sdk/src/rp2_common/hardware_vreg/vreg.c.obj
LOAD CMakeFiles/C-SDK_HTTPS_GET_through_ESP01.dir/home/pi/pico/pico-sdk/src/rp2_common/hardware_irq/irq.c.obj
LOAD CMakeFiles/C-SDK_HTTPS_GET_through_ESP01.dir/home/pi/pico/pico-sdk/src/rp2_common/hardware_irq/irq_handler_chain.S.obj
LOAD CMakeFiles/C-SDK_HTTPS_GET_through_ESP01.dir/home/pi/pico/pico-sdk/src/rp2_common/pico_printf/printf.c.obj
LOAD CMakeFiles/C-SDK_HTTPS_GET_through_ESP01.dir/home/pi/pico/pico-sdk/src/rp2_common/pico_bit_ops/bit_ops_aeabi.S.obj
LOAD CMakeFiles/C-SDK_HTTPS_GET_through_ESP01.dir/home/pi/pico/pico-sdk/src/rp2_common/pico_bootrom/bootrom.c.obj
LOAD CMakeFiles/C-SDK_HTTPS_GET_through_ESP01.dir/home/pi/pico/pico-sdk/src/rp2_common/pico_divider/divider.S.obj
LOAD CMakeFiles/C-SDK_HTTPS_GET_through_ESP01.dir/home/pi/pico/pico-sdk/src/rp2_common/pico_double/double_aeabi.S.obj
LOAD CMakeFiles/C-SDK_HTTPS_GET_through_ESP01.dir/home/pi/pico/pico-sdk/src/rp2_common/pico_double/double_init_rom.c.obj
LOAD CMakeFiles/C-SDK_HTTPS_GET_through_ESP01.dir/home/pi/pico/pico-sdk/src/rp2_common/pico_double/double_math.c.obj
LOAD CMakeFiles/C-SDK_HTTPS_GET_through_ESP01.dir/home/pi/pico/pico-sdk/src/rp2_common/pico_double/double_v1_rom_shim.S.obj
LOAD CMakeFiles/C-SDK_HTTPS_GET_through_ESP01.dir/home/pi/pico/pico-sdk/src/rp2_common/pico_int64_ops/pico_int64_ops_aeabi.S.obj
LOAD CMakeFiles/C-SDK_HTTPS_GET_through_ESP01.dir/home/pi/pico/pico-sdk/src/rp2_common/pico_float/float_aeabi.S.obj
LOAD CMakeFiles/C-SDK_HTTPS_GET_through_ESP01.dir/home/pi/pico/pico-sdk/src/rp2_common/pico_float/float_init_rom.c.obj
LOAD CMakeFiles/C-SDK_HTTPS_GET_through_ESP01.dir/home/pi/pico/pico-sdk/src/rp2_common/pico_float/float_math.c.obj
LOAD CMakeFiles/C-SDK_HTTPS_GET_through_ESP01.dir/home/pi/pico/pico-sdk/src/rp2_common/pico_float/float_v1_rom_shim.S.obj
LOAD CMakeFiles/C-SDK_HTTPS_GET_through_ESP01.dir/home/pi/pico/pico-sdk/src/rp2_common/pico_malloc/pico_malloc.c.obj
LOAD CMakeFiles/C-SDK_HTTPS_GET_through_ESP01.dir/home/pi/pico/pico-sdk/src/rp2_common/pico_mem_ops/mem_ops_aeabi.S.obj
LOAD CMakeFiles/C-SDK_HTTPS_GET_through_ESP01.dir/home/pi/pico/pico-sdk/src/rp2_common/pico_standard_link/crt0.S.obj
LOAD CMakeFiles/C-SDK_HTTPS_GET_through_ESP01.dir/home/pi/pico/pico-sdk/src/rp2_common/pico_standard_link/new_delete.cpp.obj
LOAD CMakeFiles/C-SDK_HTTPS_GET_through_ESP01.dir/home/pi/pico/pico-sdk/src/rp2_common/pico_standard_link/binary_info.c.obj
LOAD CMakeFiles/C-SDK_HTTPS_GET_through_ESP01.dir/home/pi/pico/pico-sdk/src/rp2_common/pico_stdio/stdio.c.obj
LOAD CMakeFiles/C-SDK_HTTPS_GET_through_ESP01.dir/home/pi/pico/pico-sdk/src/rp2_common/pico_stdio_uart/stdio_uart.c.obj
LOAD CMakeFiles/C-SDK_HTTPS_GET_through_ESP01.dir/home/pi/pico/pico-sdk/src/rp2_common/pico_stdio_usb/stdio_usb.c.obj
LOAD CMakeFiles/C-SDK_HTTPS_GET_through_ESP01.dir/home/pi/pico/pico-sdk/src/rp2_common/pico_stdio_usb/stdio_usb_descriptors.c.obj
LOAD CMakeFiles/C-SDK_HTTPS_GET_through_ESP01.dir/home/pi/pico/pico-sdk/lib/tinyusb/src/portable/raspberrypi/rp2040/dcd_rp2040.c.obj
LOAD CMakeFiles/C-SDK_HTTPS_GET_through_ESP01.dir/home/pi/pico/pico-sdk/lib/tinyusb/src/portable/raspberrypi/rp2040/rp2040_usb.c.obj
LOAD CMakeFiles/C-SDK_HTTPS_GET_through_ESP01.dir/home/pi/pico/pico-sdk/lib/tinyusb/src/device/usbd.c.obj
LOAD CMakeFiles/C-SDK_HTTPS_GET_through_ESP01.dir/home/pi/pico/pico-sdk/lib/tinyusb/src/device/usbd_control.c.obj
LOAD CMakeFiles/C-SDK_HTTPS_GET_through_ESP01.dir/home/pi/pico/pico-sdk/lib/tinyusb/src/class/audio/audio_device.c.obj
LOAD CMakeFiles/C-SDK_HTTPS_GET_through_ESP01.dir/home/pi/pico/pico-sdk/lib/tinyusb/src/class/cdc/cdc_device.c.obj
LOAD CMakeFiles/C-SDK_HTTPS_GET_through_ESP01.dir/home/pi/pico/pico-sdk/lib/tinyusb/src/class/dfu/dfu_rt_device.c.obj
LOAD CMakeFiles/C-SDK_HTTPS_GET_through_ESP01.dir/home/pi/pico/pico-sdk/lib/tinyusb/src/class/hid/hid_device.c.obj
LOAD CMakeFiles/C-SDK_HTTPS_GET_through_ESP01.dir/home/pi/pico/pico-sdk/lib/tinyusb/src/class/midi/midi_device.c.obj
LOAD CMakeFiles/C-SDK_HTTPS_GET_through_ESP01.dir/home/pi/pico/pico-sdk/lib/tinyusb/src/class/msc/msc_device.c.obj
LOAD CMakeFiles/C-SDK_HTTPS_GET_through_ESP01.dir/home/pi/pico/pico-sdk/lib/tinyusb/src/class/net/net_device.c.obj
LOAD CMakeFiles/C-SDK_HTTPS_GET_through_ESP01.dir/home/pi/pico/pico-sdk/lib/tinyusb/src/class/usbtmc/usbtmc_device.c.obj
LOAD CMakeFiles/C-SDK_HTTPS_GET_through_ESP01.dir/home/pi/pico/pico-sdk/lib/tinyusb/src/class/vendor/vendor_device.c.obj
LOAD CMakeFiles/C-SDK_HTTPS_GET_through_ESP01.dir/home/pi/pico/pico-sdk/lib/tinyusb/src/tusb.c.obj
LOAD CMakeFiles/C-SDK_HTTPS_GET_through_ESP01.dir/home/pi/pico/pico-sdk/lib/tinyusb/src/common/tusb_fifo.c.obj
LOAD CMakeFiles/C-SDK_HTTPS_GET_through_ESP01.dir/home/pi/pico/pico-sdk/src/rp2_common/pico_fix/rp2040_usb_device_enumeration/rp2040_usb_device_enumeration.c.obj
LOAD /tmp/ccCGmWUl.o
LOAD /usr/lib/gcc/arm-none-eabi/7.3.1/../../../arm-none-eabi/lib/thumb/v6-m/libstdc++.a
LOAD /usr/lib/gcc/arm-none-eabi/7.3.1/../../../arm-none-eabi/lib/thumb/v6-m/libm.a
START GROUP
LOAD /usr/lib/gcc/arm-none-eabi/7.3.1/thumb/v6-m/libgcc.a
LOAD /usr/lib/gcc/arm-none-eabi/7.3.1/../../../arm-none-eabi/lib/thumb/v6-m/libc.a
END GROUP
START GROUP
LOAD /usr/lib/gcc/arm-none-eabi/7.3.1/thumb/v6-m/libgcc.a
LOAD /usr/lib/gcc/arm-none-eabi/7.3.1/../../../arm-none-eabi/lib/thumb/v6-m/libc.a
LOAD /usr/lib/gcc/arm-none-eabi/7.3.1/../../../arm-none-eabi/lib/thumb/v6-m/libnosys.a
END GROUP
LOAD /usr/lib/gcc/arm-none-eabi/7.3.1/thumb/v6-m/crtend.o
LOAD /usr/lib/gcc/arm-none-eabi/7.3.1/thumb/v6-m/crtn.o
OUTPUT(C-SDK_HTTPS_GET_through_ESP01.elf elf32-littlearm)

.ARM.attributes
                0x00000000       0x28
 .ARM.attributes
                0x00000000       0x1e /usr/lib/gcc/arm-none-eabi/7.3.1/thumb/v6-m/crti.o
 .ARM.attributes
                0x0000001e       0x2c /usr/lib/gcc/arm-none-eabi/7.3.1/thumb/v6-m/crtbegin.o
 .ARM.attributes
                0x0000004a       0x32 CMakeFiles/C-SDK_HTTPS_GET_through_ESP01.dir/C-SDK_HTTPS_GET_through_ESP01.c.obj
 .ARM.attributes
                0x0000007c       0x32 CMakeFiles/C-SDK_HTTPS_GET_through_ESP01.dir/home/pi/pico/pico-sdk/src/rp2_common/hardware_gpio/gpio.c.obj
 .ARM.attributes
                0x000000ae       0x32 CMakeFiles/C-SDK_HTTPS_GET_through_ESP01.dir/home/pi/pico/pico-sdk/src/rp2_common/hardware_claim/claim.c.obj
 .ARM.attributes
                0x000000e0       0x32 CMakeFiles/C-SDK_HTTPS_GET_through_ESP01.dir/home/pi/pico/pico-sdk/src/rp2_common/hardware_sync/sync.c.obj
 .ARM.attributes
                0x00000112       0x32 CMakeFiles/C-SDK_HTTPS_GET_through_ESP01.dir/home/pi/pico/pico-sdk/src/rp2_common/pico_platform/platform.c.obj
 .ARM.attributes
                0x00000144       0x32 CMakeFiles/C-SDK_HTTPS_GET_through_ESP01.dir/home/pi/pico/pico-sdk/src/rp2_common/hardware_uart/uart.c.obj
 .ARM.attributes
                0x00000176       0x32 CMakeFiles/C-SDK_HTTPS_GET_through_ESP01.dir/home/pi/pico/pico-sdk/src/common/pico_time/time.c.obj
 .ARM.attributes
                0x000001a8       0x32 CMakeFiles/C-SDK_HTTPS_GET_through_ESP01.dir/home/pi/pico/pico-sdk/src/rp2_common/hardware_timer/timer.c.obj
 .ARM.attributes
                0x000001da       0x32 CMakeFiles/C-SDK_HTTPS_GET_through_ESP01.dir/home/pi/pico/pico-sdk/src/common/pico_sync/lock_core.c.obj
 .ARM.attributes
                0x0000020c       0x32 CMakeFiles/C-SDK_HTTPS_GET_through_ESP01.dir/home/pi/pico/pico-sdk/src/common/pico_sync/mutex.c.obj
 .ARM.attributes
                0x0000023e       0x32 CMakeFiles/C-SDK_HTTPS_GET_through_ESP01.dir/home/pi/pico/pico-sdk/src/common/pico_sync/critical_section.c.obj
 .ARM.attributes
                0x00000270       0x32 CMakeFiles/C-SDK_HTTPS_GET_through_ESP01.dir/home/pi/pico/pico-sdk/src/common/pico_util/pheap.c.obj
 .ARM.attributes
                0x000002a2       0x32 CMakeFiles/C-SDK_HTTPS_GET_through_ESP01.dir/home/pi/pico/pico-sdk/src/rp2_common/pico_runtime/runtime.c.obj
 .ARM.attributes
                0x000002d4       0x32 CMakeFiles/C-SDK_HTTPS_GET_through_ESP01.dir/home/pi/pico/pico-sdk/src/rp2_common/hardware_clocks/clocks.c.obj
 .ARM.attributes
                0x00000306       0x32 CMakeFiles/C-SDK_HTTPS_GET_through_ESP01.dir/home/pi/pico/pico-sdk/src/rp2_common/hardware_watchdog/watchdog.c.obj
 .ARM.attributes
                0x00000338       0x32 CMakeFiles/C-SDK_HTTPS_GET_through_ESP01.dir/home/pi/pico/pico-sdk/src/rp2_common/hardware_xosc/xosc.c.obj
 .ARM.attributes
                0x0000036a       0x32 CMakeFiles/C-SDK_HTTPS_GET_through_ESP01.dir/home/pi/pico/pico-sdk/src/rp2_common/hardware_pll/pll.c.obj
 .ARM.attributes
                0x0000039c       0x32 CMakeFiles/C-SDK_HTTPS_GET_through_ESP01.dir/home/pi/pico/pico-sdk/src/rp2_common/hardware_irq/irq.c.obj
 .ARM.attributes
                0x000003ce       0x22 CMakeFiles/C-SDK_HTTPS_GET_through_ESP01.dir/home/pi/pico/pico-sdk/src/rp2_common/hardware_irq/irq_handler_chain.S.obj
 .ARM.attributes
                0x000003f0       0x32 CMakeFiles/C-SDK_HTTPS_GET_through_ESP01.dir/home/pi/pico/pico-sdk/src/rp2_common/pico_printf/printf.c.obj
 .ARM.attributes
                0x00000422       0x22 CMakeFiles/C-SDK_HTTPS_GET_through_ESP01.dir/home/pi/pico/pico-sdk/src/rp2_common/pico_bit_ops/bit_ops_aeabi.S.obj
 .ARM.attributes
                0x00000444       0x32 CMakeFiles/C-SDK_HTTPS_GET_through_ESP01.dir/home/pi/pico/pico-sdk/src/rp2_common/pico_bootrom/bootrom.c.obj
 .ARM.attributes
                0x00000476       0x22 CMakeFiles/C-SDK_HTTPS_GET_through_ESP01.dir/home/pi/pico/pico-sdk/src/rp2_common/pico_divider/divider.S.obj
 .ARM.attributes
                0x00000498       0x22 CMakeFiles/C-SDK_HTTPS_GET_through_ESP01.dir/home/pi/pico/pico-sdk/src/rp2_common/pico_double/double_aeabi.S.obj
 .ARM.attributes
                0x000004ba       0x32 CMakeFiles/C-SDK_HTTPS_GET_through_ESP01.dir/home/pi/pico/pico-sdk/src/rp2_common/pico_double/double_init_rom.c.obj
 .ARM.attributes
                0x000004ec       0x22 CMakeFiles/C-SDK_HTTPS_GET_through_ESP01.dir/home/pi/pico/pico-sdk/src/rp2_common/pico_double/double_v1_rom_shim.S.obj
 .ARM.attributes
                0x0000050e       0x22 CMakeFiles/C-SDK_HTTPS_GET_through_ESP01.dir/home/pi/pico/pico-sdk/src/rp2_common/pico_int64_ops/pico_int64_ops_aeabi.S.obj
 .ARM.attributes
                0x00000530       0x22 CMakeFiles/C-SDK_HTTPS_GET_through_ESP01.dir/home/pi/pico/pico-sdk/src/rp2_common/pico_float/float_aeabi.S.obj
 .ARM.attributes
                0x00000552       0x32 CMakeFiles/C-SDK_HTTPS_GET_through_ESP01.dir/home/pi/pico/pico-sdk/src/rp2_common/pico_float/float_init_rom.c.obj
 .ARM.attributes
                0x00000584       0x22 CMakeFiles/C-SDK_HTTPS_GET_through_ESP01.dir/home/pi/pico/pico-sdk/src/rp2_common/pico_float/float_v1_rom_shim.S.obj
 .ARM.attributes
                0x000005a6       0x32 CMakeFiles/C-SDK_HTTPS_GET_through_ESP01.dir/home/pi/pico/pico-sdk/src/rp2_common/pico_malloc/pico_malloc.c.obj
 .ARM.attributes
                0x000005d8       0x22 CMakeFiles/C-SDK_HTTPS_GET_through_ESP01.dir/home/pi/pico/pico-sdk/src/rp2_common/pico_mem_ops/mem_ops_aeabi.S.obj
 .ARM.attributes
                0x000005fa       0x22 CMakeFiles/C-SDK_HTTPS_GET_through_ESP01.dir/home/pi/pico/pico-sdk/src/rp2_common/pico_standard_link/crt0.S.obj
 .ARM.attributes
                0x0000061c       0x32 CMakeFiles/C-SDK_HTTPS_GET_through_ESP01.dir/home/pi/pico/pico-sdk/src/rp2_common/pico_standard_link/binary_info.c.obj
 .ARM.attributes
                0x0000064e       0x32 CMakeFiles/C-SDK_HTTPS_GET_through_ESP01.dir/home/pi/pico/pico-sdk/src/rp2_common/pico_stdio/stdio.c.obj
 .ARM.attributes
                0x00000680       0x32 CMakeFiles/C-SDK_HTTPS_GET_through_ESP01.dir/home/pi/pico/pico-sdk/src/rp2_common/pico_stdio_uart/stdio_uart.c.obj
 .ARM.attributes
                0x000006b2       0x32 CMakeFiles/C-SDK_HTTPS_GET_through_ESP01.dir/home/pi/pico/pico-sdk/src/rp2_common/pico_stdio_usb/stdio_usb.c.obj
 .ARM.attributes
                0x000006e4       0x32 CMakeFiles/C-SDK_HTTPS_GET_through_ESP01.dir/home/pi/pico/pico-sdk/src/rp2_common/pico_stdio_usb/stdio_usb_descriptors.c.obj
 .ARM.attributes
                0x00000716       0x32 CMakeFiles/C-SDK_HTTPS_GET_through_ESP01.dir/home/pi/pico/pico-sdk/lib/tinyusb/src/portable/raspberrypi/rp2040/dcd_rp2040.c.obj
 .ARM.attributes
                0x00000748       0x32 CMakeFiles/C-SDK_HTTPS_GET_through_ESP01.dir/home/pi/pico/pico-sdk/lib/tinyusb/src/portable/raspberrypi/rp2040/rp2040_usb.c.obj
 .ARM.attributes
                0x0000077a       0x32 CMakeFiles/C-SDK_HTTPS_GET_through_ESP01.dir/home/pi/pico/pico-sdk/lib/tinyusb/src/device/usbd.c.obj
 .ARM.attributes
                0x000007ac       0x32 CMakeFiles/C-SDK_HTTPS_GET_through_ESP01.dir/home/pi/pico/pico-sdk/lib/tinyusb/src/device/usbd_control.c.obj
 .ARM.attributes
                0x000007de       0x32 CMakeFiles/C-SDK_HTTPS_GET_through_ESP01.dir/home/pi/pico/pico-sdk/lib/tinyusb/src/class/cdc/cdc_device.c.obj
 .ARM.attributes
                0x00000810       0x32 CMakeFiles/C-SDK_HTTPS_GET_through_ESP01.dir/home/pi/pico/pico-sdk/lib/tinyusb/src/tusb.c.obj
 .ARM.attributes
                0x00000842       0x32 CMakeFiles/C-SDK_HTTPS_GET_through_ESP01.dir/home/pi/pico/pico-sdk/lib/tinyusb/src/common/tusb_fifo.c.obj
 .ARM.attributes
                0x00000874       0x22 /tmp/ccCGmWUl.o
 .ARM.attributes
                0x00000896       0x1e /usr/lib/gcc/arm-none-eabi/7.3.1/thumb/v6-m/libgcc.a(_dvmd_tls.o)
 .ARM.attributes
                0x000008b4       0x2c /usr/lib/gcc/arm-none-eabi/7.3.1/../../../arm-none-eabi/lib/thumb/v6-m/libc.a(lib_a-calloc.o)
 .ARM.attributes
                0x000008e0       0x2c /usr/lib/gcc/arm-none-eabi/7.3.1/../../../arm-none-eabi/lib/thumb/v6-m/libc.a(lib_a-callocr.o)
 .ARM.attributes
                0x0000090c       0x2c /usr/lib/gcc/arm-none-eabi/7.3.1/../../../arm-none-eabi/lib/thumb/v6-m/libc.a(lib_a-fflush.o)
 .ARM.attributes
                0x00000938       0x2c /usr/lib/gcc/arm-none-eabi/7.3.1/../../../arm-none-eabi/lib/thumb/v6-m/libc.a(lib_a-findfp.o)
 .ARM.attributes
                0x00000964       0x2c /usr/lib/gcc/arm-none-eabi/7.3.1/../../../arm-none-eabi/lib/thumb/v6-m/libc.a(lib_a-freer.o)
 .ARM.attributes
                0x00000990       0x2c /usr/lib/gcc/arm-none-eabi/7.3.1/../../../arm-none-eabi/lib/thumb/v6-m/libc.a(lib_a-fwalk.o)
 .ARM.attributes
                0x000009bc       0x2c /usr/lib/gcc/arm-none-eabi/7.3.1/../../../arm-none-eabi/lib/thumb/v6-m/libc.a(lib_a-fwrite.o)
 .ARM.attributes
                0x000009e8       0x2c /usr/lib/gcc/arm-none-eabi/7.3.1/../../../arm-none-eabi/lib/thumb/v6-m/libc.a(lib_a-impure.o)
 .ARM.attributes
                0x00000a14       0x2c /usr/lib/gcc/arm-none-eabi/7.3.1/../../../arm-none-eabi/lib/thumb/v6-m/libc.a(lib_a-malloc.o)
 .ARM.attributes
                0x00000a40       0x2c /usr/lib/gcc/arm-none-eabi/7.3.1/../../../arm-none-eabi/lib/thumb/v6-m/libc.a(lib_a-mallocr.o)
 .ARM.attributes
                0x00000a6c       0x2c /usr/lib/gcc/arm-none-eabi/7.3.1/../../../arm-none-eabi/lib/thumb/v6-m/libc.a(lib_a-mlock.o)
 .ARM.attributes
                0x00000a98       0x2c /usr/lib/gcc/arm-none-eabi/7.3.1/../../../arm-none-eabi/lib/thumb/v6-m/libc.a(lib_a-sbrkr.o)
 .ARM.attributes
                0x00000ac4       0x2c /usr/lib/gcc/arm-none-eabi/7.3.1/../../../arm-none-eabi/lib/thumb/v6-m/libc.a(lib_a-stdio.o)
 .ARM.attributes
                0x00000af0       0x2c /usr/lib/gcc/arm-none-eabi/7.3.1/../../../arm-none-eabi/lib/thumb/v6-m/libc.a(lib_a-strlen-stub.o)
 .ARM.attributes
                0x00000b1c       0x2c /usr/lib/gcc/arm-none-eabi/7.3.1/../../../arm-none-eabi/lib/thumb/v6-m/libc.a(lib_a-writer.o)
 .ARM.attributes
                0x00000b48       0x2c /usr/lib/gcc/arm-none-eabi/7.3.1/../../../arm-none-eabi/lib/thumb/v6-m/libc.a(lib_a-closer.o)
 .ARM.attributes
                0x00000b74       0x2c /usr/lib/gcc/arm-none-eabi/7.3.1/../../../arm-none-eabi/lib/thumb/v6-m/libc.a(lib_a-fclose.o)
 .ARM.attributes
                0x00000ba0       0x2c /usr/lib/gcc/arm-none-eabi/7.3.1/../../../arm-none-eabi/lib/thumb/v6-m/libc.a(lib_a-fvwrite.o)
 .ARM.attributes
                0x00000bcc       0x2c /usr/lib/gcc/arm-none-eabi/7.3.1/../../../arm-none-eabi/lib/thumb/v6-m/libc.a(lib_a-lseekr.o)
 .ARM.attributes
                0x00000bf8       0x2c /usr/lib/gcc/arm-none-eabi/7.3.1/../../../arm-none-eabi/lib/thumb/v6-m/libc.a(lib_a-memchr-stub.o)
 .ARM.attributes
                0x00000c24       0x2c /usr/lib/gcc/arm-none-eabi/7.3.1/../../../arm-none-eabi/lib/thumb/v6-m/libc.a(lib_a-memmove.o)
 .ARM.attributes
                0x00000c50       0x2c /usr/lib/gcc/arm-none-eabi/7.3.1/../../../arm-none-eabi/lib/thumb/v6-m/libc.a(lib_a-readr.o)
 .ARM.attributes
                0x00000c7c       0x2c /usr/lib/gcc/arm-none-eabi/7.3.1/../../../arm-none-eabi/lib/thumb/v6-m/libc.a(lib_a-reallocr.o)
 .ARM.attributes
                0x00000ca8       0x2c /usr/lib/gcc/arm-none-eabi/7.3.1/../../../arm-none-eabi/lib/thumb/v6-m/libc.a(lib_a-reent.o)
 .ARM.attributes
                0x00000cd4       0x2c /usr/lib/gcc/arm-none-eabi/7.3.1/../../../arm-none-eabi/lib/thumb/v6-m/libc.a(lib_a-wsetup.o)
 .ARM.attributes
                0x00000d00       0x2c /usr/lib/gcc/arm-none-eabi/7.3.1/../../../arm-none-eabi/lib/thumb/v6-m/libc.a(lib_a-makebuf.o)
 .ARM.attributes
                0x00000d2c       0x2c /usr/lib/gcc/arm-none-eabi/7.3.1/../../../arm-none-eabi/lib/thumb/v6-m/libc.a(lib_a-fstatr.o)
 .ARM.attributes
                0x00000d58       0x2c /usr/lib/gcc/arm-none-eabi/7.3.1/../../../arm-none-eabi/lib/thumb/v6-m/libc.a(lib_a-isattyr.o)
 .ARM.attributes
                0x00000d84       0x2c /usr/lib/gcc/arm-none-eabi/7.3.1/../../../arm-none-eabi/lib/thumb/v6-m/libnosys.a(close.o)
 .ARM.attributes
                0x00000db0       0x2c /usr/lib/gcc/arm-none-eabi/7.3.1/../../../arm-none-eabi/lib/thumb/v6-m/libnosys.a(fstat.o)
 .ARM.attributes
                0x00000ddc       0x2c /usr/lib/gcc/arm-none-eabi/7.3.1/../../../arm-none-eabi/lib/thumb/v6-m/libnosys.a(isatty.o)
 .ARM.attributes
                0x00000e08       0x2c /usr/lib/gcc/arm-none-eabi/7.3.1/../../../arm-none-eabi/lib/thumb/v6-m/libnosys.a(lseek.o)
 .ARM.attributes
                0x00000e34       0x2c /usr/lib/gcc/arm-none-eabi/7.3.1/thumb/v6-m/crtend.o

.comment        0x00000000       0xae
 .comment       0x00000000       0x57 /usr/lib/gcc/arm-none-eabi/7.3.1/thumb/v6-m/crtbegin.o
                                 0x58 (size before relaxing)
 .comment       0x00000057       0x58 CMakeFiles/C-SDK_HTTPS_GET_through_ESP01.dir/C-SDK_HTTPS_GET_through_ESP01.c.obj
 .comment       0x00000057       0x58 CMakeFiles/C-SDK_HTTPS_GET_through_ESP01.dir/home/pi/pico/pico-sdk/src/rp2_common/hardware_gpio/gpio.c.obj
 .comment       0x00000057       0x58 CMakeFiles/C-SDK_HTTPS_GET_through_ESP01.dir/home/pi/pico/pico-sdk/src/rp2_common/hardware_claim/claim.c.obj
 .comment       0x00000057       0x58 CMakeFiles/C-SDK_HTTPS_GET_through_ESP01.dir/home/pi/pico/pico-sdk/src/rp2_common/hardware_sync/sync.c.obj
 .comment       0x00000057       0x58 CMakeFiles/C-SDK_HTTPS_GET_through_ESP01.dir/home/pi/pico/pico-sdk/src/rp2_common/pico_platform/platform.c.obj
 .comment       0x00000057       0x58 CMakeFiles/C-SDK_HTTPS_GET_through_ESP01.dir/home/pi/pico/pico-sdk/src/rp2_common/hardware_uart/uart.c.obj
 .comment       0x00000057       0x58 CMakeFiles/C-SDK_HTTPS_GET_through_ESP01.dir/home/pi/pico/pico-sdk/src/common/pico_time/time.c.obj
 .comment       0x00000057       0x58 CMakeFiles/C-SDK_HTTPS_GET_through_ESP01.dir/home/pi/pico/pico-sdk/src/rp2_common/hardware_timer/timer.c.obj
 .comment       0x00000057       0x58 CMakeFiles/C-SDK_HTTPS_GET_through_ESP01.dir/home/pi/pico/pico-sdk/src/common/pico_sync/lock_core.c.obj
 .comment       0x00000057       0x58 CMakeFiles/C-SDK_HTTPS_GET_through_ESP01.dir/home/pi/pico/pico-sdk/src/common/pico_sync/mutex.c.obj
 .comment       0x00000057       0x58 CMakeFiles/C-SDK_HTTPS_GET_through_ESP01.dir/home/pi/pico/pico-sdk/src/common/pico_sync/critical_section.c.obj
 .comment       0x00000057       0x58 CMakeFiles/C-SDK_HTTPS_GET_through_ESP01.dir/home/pi/pico/pico-sdk/src/common/pico_util/pheap.c.obj
 .comment       0x00000057       0x58 CMakeFiles/C-SDK_HTTPS_GET_through_ESP01.dir/home/pi/pico/pico-sdk/src/rp2_common/pico_runtime/runtime.c.obj
 .comment       0x00000057       0x58 CMakeFiles/C-SDK_HTTPS_GET_through_ESP01.dir/home/pi/pico/pico-sdk/src/rp2_common/hardware_clocks/clocks.c.obj
 .comment       0x00000057       0x58 CMakeFiles/C-SDK_HTTPS_GET_through_ESP01.dir/home/pi/pico/pico-sdk/src/rp2_common/hardware_watchdog/watchdog.c.obj
 .comment       0x00000057       0x58 CMakeFiles/C-SDK_HTTPS_GET_through_ESP01.dir/home/pi/pico/pico-sdk/src/rp2_common/hardware_xosc/xosc.c.obj
 .comment       0x00000057       0x58 CMakeFiles/C-SDK_HTTPS_GET_through_ESP01.dir/home/pi/pico/pico-sdk/src/rp2_common/hardware_pll/pll.c.obj
 .comment       0x00000057       0x58 CMakeFiles/C-SDK_HTTPS_GET_through_ESP01.dir/home/pi/pico/pico-sdk/src/rp2_common/hardware_irq/irq.c.obj
 .comment       0x00000057       0x58 CMakeFiles/C-SDK_HTTPS_GET_through_ESP01.dir/home/pi/pico/pico-sdk/src/rp2_common/pico_printf/printf.c.obj
 .comment       0x00000057       0x58 CMakeFiles/C-SDK_HTTPS_GET_through_ESP01.dir/home/pi/pico/pico-sdk/src/rp2_common/pico_bootrom/bootrom.c.obj
 .comment       0x00000057       0x58 CMakeFiles/C-SDK_HTTPS_GET_through_ESP01.dir/home/pi/pico/pico-sdk/src/rp2_common/pico_double/double_init_rom.c.obj
 .comment       0x00000057       0x58 CMakeFiles/C-SDK_HTTPS_GET_through_ESP01.dir/home/pi/pico/pico-sdk/src/rp2_common/pico_float/float_init_rom.c.obj
 .comment       0x00000057       0x58 CMakeFiles/C-SDK_HTTPS_GET_through_ESP01.dir/home/pi/pico/pico-sdk/src/rp2_common/pico_malloc/pico_malloc.c.obj
 .comment       0x00000057       0x58 CMakeFiles/C-SDK_HTTPS_GET_through_ESP01.dir/home/pi/pico/pico-sdk/src/rp2_common/pico_standard_link/binary_info.c.obj
 .comment       0x00000057       0x58 CMakeFiles/C-SDK_HTTPS_GET_through_ESP01.dir/home/pi/pico/pico-sdk/src/rp2_common/pico_stdio/stdio.c.obj
 .comment       0x00000057       0x58 CMakeFiles/C-SDK_HTTPS_GET_through_ESP01.dir/home/pi/pico/pico-sdk/src/rp2_common/pico_stdio_uart/stdio_uart.c.obj
 .comment       0x00000057       0x58 CMakeFiles/C-SDK_HTTPS_GET_through_ESP01.dir/home/pi/pico/pico-sdk/src/rp2_common/pico_stdio_usb/stdio_usb.c.obj